BL51 BANKED LINKER/LOCATER V6.22                                                        06/14/2017  19:17:10  PAGE 1


BL51 BANKED LINKER/LOCATER V6.22, INVOKED BY:
C:\KEIL\C51\BIN\BL51.EXE dev_io.obj, LED_Key.obj, iic_comm.obj, ESP8266.obj, ssd1306.obj, ..\..\Target\Lib\LP\EZUSB.LIB,
>>  MQTTPacket.obj TO dev_io RAMSIZE (256)


MEMORY MODEL: SMALL


INPUT MODULES INCLUDED:
  dev_io.obj (DEV_IO)
  LED_Key.obj (LED_KEY)
  iic_comm.obj (IIC_COMM)
  ESP8266.obj (ESP8266)
  ssd1306.obj (SSD1306)
  ..\..\Target\Lib\LP\EZUSB.LIB (EZREGS)
  MQTTPacket.obj (MQTTPACKET)
  C:\KEIL\C51\LIB\C51S.LIB (?C_STARTUP)
  C:\KEIL\C51\LIB\C51S.LIB (?C?COPY)
  C:\KEIL\C51\LIB\C51S.LIB (?C?CLDOPTR)
  C:\KEIL\C51\LIB\C51S.LIB (?C?CSTOPTR)
  C:\KEIL\C51\LIB\C51S.LIB (?C?SIDIV)
  C:\KEIL\C51\LIB\C51S.LIB (STRLEN)
  C:\KEIL\C51\LIB\C51S.LIB (?C_INIT)
  C:\KEIL\C51\LIB\C51S.LIB (?C?CLDPTR)
  C:\KEIL\C51\LIB\C51S.LIB (?C?UIDIV)


LINK MAP OF MODULE:  dev_io (DEV_IO)


            TYPE    BASE      LENGTH    RELOCATION   SEGMENT NAME
            -----------------------------------------------------

            * * * * * * *   D A T A   M E M O R Y   * * * * * * *
            REG     0000H     0008H     ABSOLUTE     "REG BANK 0"
            DATA    0008H     0047H     UNIT         ?DT?ESP8266
            DATA    004FH     0012H     UNIT         _DATA_GROUP_
            DATA    0061H     0008H     UNIT         ?DT?_MQTTPACKET_ENCODE?MQTTPACKET
            DATA    0069H     0004H     UNIT         ?DT?_SERIAL0_SENDSTRING1?ESP8266
            DATA    006DH     0003H     UNIT         ?DT?SSD1306
            DATA    0070H     0002H     UNIT         ?DT?DEV_IO
            DATA    0072H     0002H     UNIT         ?DT?SSD1306_DRAW?SSD1306
            DATA    0074H     0001H     UNIT         ?DT?PUBLISH0?DEV_IO
            DATA    0075H     0001H     UNIT         ?DT?PUBLISH1?DEV_IO
            DATA    0076H     0001H     UNIT         ?DT?PUBLISH60?DEV_IO
            DATA    0077H     0001H     UNIT         ?DT?PUBLISH61?DEV_IO
            IDATA   0078H     0001H     UNIT         ?STACK

            * * * * * * *  X D A T A   M E M O R Y  * * * * * * *
                    0000H     E400H                  *** GAP ***
            XDATA   E400H     0001H     ABSOLUTE     
                    E401H     007FH                  *** GAP ***
            XDATA   E480H     0001H     ABSOLUTE     
                    E481H     0088H                  *** GAP ***
            XDATA   E509H     0001H     ABSOLUTE     
                    E50AH     00F6H                  *** GAP ***
            XDATA   E600H     0001H     ABSOLUTE     
            XDATA   E601H     0001H     ABSOLUTE     
BL51 BANKED LINKER/LOCATER V6.22                                                      06/14/2017  19:17:10  PAGE 2


            XDATA   E602H     0001H     ABSOLUTE     
            XDATA   E603H     0001H     ABSOLUTE     
            XDATA   E604H     0001H     ABSOLUTE     
            XDATA   E605H     0001H     ABSOLUTE     
            XDATA   E606H     0001H     ABSOLUTE     
            XDATA   E607H     0001H     ABSOLUTE     
            XDATA   E608H     0001H     ABSOLUTE     
            XDATA   E609H     0001H     ABSOLUTE     
            XDATA   E60AH     0001H     ABSOLUTE     
            XDATA   E60BH     0001H     ABSOLUTE     
            XDATA   E60CH     0001H     ABSOLUTE     
                    E60DH     0003H                  *** GAP ***
            XDATA   E610H     0001H     ABSOLUTE     
            XDATA   E611H     0001H     ABSOLUTE     
            XDATA   E612H     0001H     ABSOLUTE     
            XDATA   E613H     0001H     ABSOLUTE     
            XDATA   E614H     0001H     ABSOLUTE     
            XDATA   E615H     0001H     ABSOLUTE     
                    E616H     0002H                  *** GAP ***
            XDATA   E618H     0001H     ABSOLUTE     
            XDATA   E619H     0001H     ABSOLUTE     
            XDATA   E61AH     0001H     ABSOLUTE     
            XDATA   E61BH     0001H     ABSOLUTE     
                    E61CH     0004H                  *** GAP ***
            XDATA   E620H     0001H     ABSOLUTE     
            XDATA   E621H     0001H     ABSOLUTE     
            XDATA   E622H     0001H     ABSOLUTE     
            XDATA   E623H     0001H     ABSOLUTE     
            XDATA   E624H     0001H     ABSOLUTE     
            XDATA   E625H     0001H     ABSOLUTE     
            XDATA   E626H     0001H     ABSOLUTE     
            XDATA   E627H     0001H     ABSOLUTE     
            XDATA   E628H     0001H     ABSOLUTE     
            XDATA   E629H     0001H     ABSOLUTE     
            XDATA   E62AH     0001H     ABSOLUTE     
            XDATA   E62BH     0001H     ABSOLUTE     
            XDATA   E62CH     0001H     ABSOLUTE     
            XDATA   E62DH     0001H     ABSOLUTE     
            XDATA   E62EH     0001H     ABSOLUTE     
            XDATA   E62FH     0001H     ABSOLUTE     
            XDATA   E630H     0001H     ABSOLUTE     
            XDATA   E631H     0001H     ABSOLUTE     
            XDATA   E632H     0001H     ABSOLUTE     
            XDATA   E633H     0001H     ABSOLUTE     
            XDATA   E634H     0001H     ABSOLUTE     
            XDATA   E635H     0001H     ABSOLUTE     
            XDATA   E636H     0001H     ABSOLUTE     
            XDATA   E637H     0001H     ABSOLUTE     
                    E638H     0008H                  *** GAP ***
            XDATA   E640H     0001H     ABSOLUTE     
            XDATA   E641H     0001H     ABSOLUTE     
            XDATA   E642H     0001H     ABSOLUTE     
            XDATA   E643H     0001H     ABSOLUTE     
                    E644H     0004H                  *** GAP ***
            XDATA   E648H     0001H     ABSOLUTE     
            XDATA   E649H     0001H     ABSOLUTE     
                    E64AH     0006H                  *** GAP ***
BL51 BANKED LINKER/LOCATER V6.22                                                      06/14/2017  19:17:10  PAGE 3


            XDATA   E650H     0001H     ABSOLUTE     
            XDATA   E651H     0001H     ABSOLUTE     
            XDATA   E652H     0001H     ABSOLUTE     
            XDATA   E653H     0001H     ABSOLUTE     
            XDATA   E654H     0001H     ABSOLUTE     
            XDATA   E655H     0001H     ABSOLUTE     
            XDATA   E656H     0001H     ABSOLUTE     
            XDATA   E657H     0001H     ABSOLUTE     
            XDATA   E658H     0001H     ABSOLUTE     
            XDATA   E659H     0001H     ABSOLUTE     
            XDATA   E65AH     0001H     ABSOLUTE     
            XDATA   E65BH     0001H     ABSOLUTE     
            XDATA   E65CH     0001H     ABSOLUTE     
            XDATA   E65DH     0001H     ABSOLUTE     
            XDATA   E65EH     0001H     ABSOLUTE     
            XDATA   E65FH     0001H     ABSOLUTE     
            XDATA   E660H     0001H     ABSOLUTE     
            XDATA   E661H     0001H     ABSOLUTE     
            XDATA   E662H     0001H     ABSOLUTE     
            XDATA   E663H     0001H     ABSOLUTE     
            XDATA   E664H     0001H     ABSOLUTE     
            XDATA   E665H     0001H     ABSOLUTE     
            XDATA   E666H     0001H     ABSOLUTE     
            XDATA   E667H     0001H     ABSOLUTE     
            XDATA   E668H     0001H     ABSOLUTE     
                    E669H     0007H                  *** GAP ***
            XDATA   E670H     0001H     ABSOLUTE     
            XDATA   E671H     0001H     ABSOLUTE     
            XDATA   E672H     0001H     ABSOLUTE     
                    E673H     0005H                  *** GAP ***
            XDATA   E678H     0001H     ABSOLUTE     
            XDATA   E679H     0001H     ABSOLUTE     
            XDATA   E67AH     0001H     ABSOLUTE     
            XDATA   E67BH     0001H     ABSOLUTE     
            XDATA   E67CH     0001H     ABSOLUTE     
            XDATA   E67DH     0001H     ABSOLUTE     
            XDATA   E67EH     0001H     ABSOLUTE     
            XDATA   E67FH     0001H     ABSOLUTE     
            XDATA   E680H     0001H     ABSOLUTE     
            XDATA   E681H     0001H     ABSOLUTE     
            XDATA   E682H     0001H     ABSOLUTE     
            XDATA   E683H     0001H     ABSOLUTE     
            XDATA   E684H     0001H     ABSOLUTE     
            XDATA   E685H     0001H     ABSOLUTE     
            XDATA   E686H     0001H     ABSOLUTE     
            XDATA   E687H     0001H     ABSOLUTE     
                    E688H     0002H                  *** GAP ***
            XDATA   E68AH     0001H     ABSOLUTE     
            XDATA   E68BH     0001H     ABSOLUTE     
                    E68CH     0001H                  *** GAP ***
            XDATA   E68DH     0001H     ABSOLUTE     
                    E68EH     0001H                  *** GAP ***
            XDATA   E68FH     0001H     ABSOLUTE     
            XDATA   E690H     0001H     ABSOLUTE     
            XDATA   E691H     0001H     ABSOLUTE     
                    E692H     0002H                  *** GAP ***
            XDATA   E694H     0001H     ABSOLUTE     
BL51 BANKED LINKER/LOCATER V6.22                                                      06/14/2017  19:17:10  PAGE 4


            XDATA   E695H     0001H     ABSOLUTE     
                    E696H     0002H                  *** GAP ***
            XDATA   E698H     0001H     ABSOLUTE     
            XDATA   E699H     0001H     ABSOLUTE     
                    E69AH     0002H                  *** GAP ***
            XDATA   E69CH     0001H     ABSOLUTE     
            XDATA   E69DH     0001H     ABSOLUTE     
                    E69EH     0002H                  *** GAP ***
            XDATA   E6A0H     0001H     ABSOLUTE     
            XDATA   E6A1H     0001H     ABSOLUTE     
            XDATA   E6A2H     0001H     ABSOLUTE     
            XDATA   E6A3H     0001H     ABSOLUTE     
            XDATA   E6A4H     0001H     ABSOLUTE     
            XDATA   E6A5H     0001H     ABSOLUTE     
            XDATA   E6A6H     0001H     ABSOLUTE     
            XDATA   E6A7H     0001H     ABSOLUTE     
            XDATA   E6A8H     0001H     ABSOLUTE     
            XDATA   E6A9H     0001H     ABSOLUTE     
            XDATA   E6AAH     0001H     ABSOLUTE     
            XDATA   E6ABH     0001H     ABSOLUTE     
            XDATA   E6ACH     0001H     ABSOLUTE     
            XDATA   E6ADH     0001H     ABSOLUTE     
            XDATA   E6AEH     0001H     ABSOLUTE     
            XDATA   E6AFH     0001H     ABSOLUTE     
            XDATA   E6B0H     0001H     ABSOLUTE     
            XDATA   E6B1H     0001H     ABSOLUTE     
            XDATA   E6B2H     0001H     ABSOLUTE     
            XDATA   E6B3H     0001H     ABSOLUTE     
            XDATA   E6B4H     0001H     ABSOLUTE     
            XDATA   E6B5H     0001H     ABSOLUTE     
                    E6B6H     0002H                  *** GAP ***
            XDATA   E6B8H     0008H     ABSOLUTE     
            XDATA   E6C0H     0001H     ABSOLUTE     
            XDATA   E6C1H     0001H     ABSOLUTE     
            XDATA   E6C2H     0001H     ABSOLUTE     
            XDATA   E6C3H     0001H     ABSOLUTE     
            XDATA   E6C4H     0001H     ABSOLUTE     
            XDATA   E6C5H     0001H     ABSOLUTE     
            XDATA   E6C6H     0001H     ABSOLUTE     
            XDATA   E6C7H     0001H     ABSOLUTE     
            XDATA   E6C8H     0001H     ABSOLUTE     
            XDATA   E6C9H     0001H     ABSOLUTE     
            XDATA   E6CAH     0001H     ABSOLUTE     
            XDATA   E6CBH     0001H     ABSOLUTE     
            XDATA   E6CCH     0001H     ABSOLUTE     
            XDATA   E6CDH     0001H     ABSOLUTE     
            XDATA   E6CEH     0001H     ABSOLUTE     
            XDATA   E6CFH     0001H     ABSOLUTE     
            XDATA   E6D0H     0001H     ABSOLUTE     
            XDATA   E6D1H     0001H     ABSOLUTE     
            XDATA   E6D2H     0001H     ABSOLUTE     
            XDATA   E6D3H     0001H     ABSOLUTE     
            XDATA   E6D4H     0001H     ABSOLUTE     
                    E6D5H     0005H                  *** GAP ***
            XDATA   E6DAH     0001H     ABSOLUTE     
            XDATA   E6DBH     0001H     ABSOLUTE     
            XDATA   E6DCH     0001H     ABSOLUTE     
BL51 BANKED LINKER/LOCATER V6.22                                                      06/14/2017  19:17:10  PAGE 5


                    E6DDH     0005H                  *** GAP ***
            XDATA   E6E2H     0001H     ABSOLUTE     
            XDATA   E6E3H     0001H     ABSOLUTE     
            XDATA   E6E4H     0001H     ABSOLUTE     
                    E6E5H     0005H                  *** GAP ***
            XDATA   E6EAH     0001H     ABSOLUTE     
            XDATA   E6EBH     0001H     ABSOLUTE     
            XDATA   E6ECH     0001H     ABSOLUTE     
                    E6EDH     0003H                  *** GAP ***
            XDATA   E6F0H     0001H     ABSOLUTE     
            XDATA   E6F1H     0001H     ABSOLUTE     
            XDATA   E6F2H     0001H     ABSOLUTE     
            XDATA   E6F3H     0001H     ABSOLUTE     
            XDATA   E6F4H     0001H     ABSOLUTE     
            XDATA   E6F5H     0001H     ABSOLUTE     
                    E6F6H     0002H                  *** GAP ***
            XDATA   E6F8H     0001H     ABSOLUTE     
            XDATA   E6F9H     0001H     ABSOLUTE     
            XDATA   E6FAH     0001H     ABSOLUTE     
            XDATA   E6FBH     0001H     ABSOLUTE     
            XDATA   E6FCH     0001H     ABSOLUTE     
            XDATA   E6FDH     0001H     ABSOLUTE     
            XDATA   E6FEH     0001H     ABSOLUTE     
                    E6FFH     0041H                  *** GAP ***
            XDATA   E740H     0040H     ABSOLUTE     
            XDATA   E780H     0040H     ABSOLUTE     
            XDATA   E7C0H     0040H     ABSOLUTE     
                    E800H     0800H                  *** GAP ***
            XDATA   F000H     0400H     ABSOLUTE     
            XDATA   F400H     0400H     ABSOLUTE     
            XDATA   F800H     0400H     ABSOLUTE     
            XDATA   FC00H     0400H     ABSOLUTE     

            * * * * * * *   C O D E   M E M O R Y   * * * * * * *
            CODE    0000H     0003H     ABSOLUTE     
            CODE    0003H     0020H     UNIT         ?PR?SSD1306_DRAW?SSD1306
            CODE    0023H     0003H     ABSOLUTE     
            CODE    0026H     0620H     UNIT         ?CO?SSD1306
            CODE    0646H     023EH     UNIT         ?CO?DEV_IO
            CODE    0884H     01F9H     UNIT         ?PR?MAIN?DEV_IO
            CODE    0A7DH     01E9H     UNIT         ?C?LIB_CODE
            CODE    0C66H     012DH     UNIT         ?PR?_SSD1306_PRINTF?SSD1306
            CODE    0D93H     00FDH     UNIT         ?PR?MQTTCONNECT?DEV_IO
            CODE    0E90H     00CAH     UNIT         ?PR?_MQTTPUBLISH1?DEV_IO
            CODE    0F5AH     008CH     UNIT         ?C_C51STARTUP
            CODE    0FE6H     007EH     UNIT         ?PR?SSD1306_INITALIZE?SSD1306
            CODE    1064H     006CH     UNIT         ?PR?ABC1SHOW?ESP8266
            CODE    10D0H     0067H     UNIT         ?PR?_MQTTPACKET_ENCODE?MQTTPACKET
            CODE    1137H     004EH     UNIT         ?PR?ABCSHOW?ESP8266
            CODE    1185H     003AH     UNIT         ?PR?LEDKEYTEST?LED_KEY
            CODE    11BFH     0038H     UNIT         ?PR?_SSD1306_PRINTCHAR?SSD1306
            CODE    11F7H     0037H     UNIT         ?PR?_SERIAL0_SENDSTRING?ESP8266
            CODE    122EH     0037H     UNIT         ?PR?_SERIAL0_SENDSTRING1?ESP8266
            CODE    1265H     0033H     UNIT         ?PR?ISR_USART0?ESP8266
            CODE    1298H     0030H     UNIT         ?PR?SSD1306_CLEAR?SSD1306
            CODE    12C8H     002DH     UNIT         ?PR?_MQTTPUBLISH0?DEV_IO
            CODE    12F5H     0029H     UNIT         ?PR?LEDFLOW?LED_KEY
BL51 BANKED LINKER/LOCATER V6.22                                                      06/14/2017  19:17:10  PAGE 6


            CODE    131EH     0029H     UNIT         ?PR?LEDFLOWREV?LED_KEY
            CODE    1347H     0028H     UNIT         ?PR?_I2CSEND?IIC_COMM
            CODE    136FH     0025H     UNIT         ?PR?_SERIAL0_SENDINT?ESP8266
            CODE    1394H     0023H     UNIT         ?PR?PUBLISH0?DEV_IO
            CODE    13B7H     0023H     UNIT         ?PR?PUBLISH1?DEV_IO
            CODE    13DAH     0023H     UNIT         ?PR?PUBLISH60?DEV_IO
            CODE    13FDH     0023H     UNIT         ?PR?PUBLISH61?DEV_IO
            CODE    1420H     001DH     UNIT         ?PR?DELAY1MS?LED_KEY
            CODE    143DH     001CH     UNIT         ?PR?I2CREAD?IIC_COMM
            CODE    1459H     001BH     UNIT         ?PR?SCANKEY?LED_KEY
            CODE    1474H     0019H     UNIT         ?PR?SERIAL0_INIT?ESP8266
            CODE    148DH     0018H     UNIT         ?PR?_WRITECOMMAND?SSD1306
            CODE    14A5H     0018H     UNIT         ?PR?_WRITEDATA?SSD1306
            CODE    14BDH     0015H     UNIT         ?PR?LEDFLASH?LED_KEY
            CODE    14D2H     0015H     UNIT         ?PR?_STRLEN?STRLEN
            CODE    14E7H     0014H     UNIT         ?PR?_DELAY?LED_KEY
            CODE    14FBH     000AH     UNIT         ?C_INITSEG
            CODE    1505H     0009H     UNIT         ?PR?I2CRESTART?IIC_COMM
            CODE    150EH     0009H     UNIT         ?PR?I2CSTOP?IIC_COMM
            CODE    1517H     0009H     UNIT         ?PR?I2CACK?IIC_COMM
            CODE    1520H     0009H     UNIT         ?PR?I2CNAK?IIC_COMM
            CODE    1529H     0008H     UNIT         ?PR?_SERIAL0_SENDCHAR?ESP8266
            CODE    1531H     0006H     UNIT         ?PR?I2CSTART?IIC_COMM
            CODE    1537H     0005H     UNIT         ?PR?I2CINIT?IIC_COMM
            CODE    153CH     0004H     UNIT         ?PR?SETUPPORTE?LED_KEY
            CODE    1540H     0001H     UNIT         ?PR?MQTT_CONNET?MQTTPACKET



OVERLAY MAP OF MODULE:   dev_io (DEV_IO)


SEGMENT                                     DATA_GROUP 
  +--> CALLED SEGMENT                     START    LENGTH
---------------------------------------------------------
?PR?ISR_USART0?ESP8266                    004FH    0003H

*** NEW ROOT ***************************************************

?C_C51STARTUP                             -----    -----
  +--> ?PR?MAIN?DEV_IO
  +--> ?C_INITSEG

?PR?MAIN?DEV_IO                           0052H    0006H
  +--> ?CO?DEV_IO
  +--> ?PR?_DELAY?LED_KEY
  +--> ?PR?LEDFLASH?LED_KEY
  +--> ?PR?I2CINIT?IIC_COMM
  +--> ?PR?SSD1306_INITALIZE?SSD1306
  +--> ?PR?SSD1306_CLEAR?SSD1306
  +--> ?PR?_SSD1306_PRINTF?SSD1306
  +--> ?PR?SERIAL0_INIT?ESP8266
  +--> ?PR?_SERIAL0_SENDSTRING?ESP8266
  +--> ?PR?_SERIAL0_SENDCHAR?ESP8266
  +--> ?PR?ABCSHOW?ESP8266
  +--> ?PR?MQTTCONNECT?DEV_IO
  +--> ?PR?ABC1SHOW?ESP8266
BL51 BANKED LINKER/LOCATER V6.22                                                      06/14/2017  19:17:10  PAGE 7


  +--> ?PR?_MQTTPUBLISH0?DEV_IO
  +--> ?PR?_MQTTPUBLISH1?DEV_IO

?PR?_DELAY?LED_KEY                        -----    -----
  +--> ?PR?DELAY1MS?LED_KEY

?PR?LEDFLASH?LED_KEY                      -----    -----
  +--> ?PR?_DELAY?LED_KEY

?PR?SSD1306_INITALIZE?SSD1306             -----    -----
  +--> ?PR?_WRITECOMMAND?SSD1306

?PR?_WRITECOMMAND?SSD1306                 005FH    0001H
  +--> ?PR?I2CSTART?IIC_COMM
  +--> ?PR?_I2CSEND?IIC_COMM
  +--> ?PR?I2CSTOP?IIC_COMM

?PR?SSD1306_CLEAR?SSD1306                 005BH    0002H
  +--> ?PR?_WRITECOMMAND?SSD1306
  +--> ?PR?_WRITEDATA?SSD1306

?PR?_WRITEDATA?SSD1306                    005FH    0001H
  +--> ?PR?I2CSTART?IIC_COMM
  +--> ?PR?_I2CSEND?IIC_COMM
  +--> ?PR?I2CSTOP?IIC_COMM

?PR?_SSD1306_PRINTF?SSD1306               0058H    0007H
  +--> ?PR?_WRITECOMMAND?SSD1306
  +--> ?PR?_STRLEN?STRLEN
  +--> ?CO?SSD1306
  +--> ?PR?_WRITEDATA?SSD1306

?PR?_SERIAL0_SENDSTRING?ESP8266           005DH    0004H
  +--> ?PR?_STRLEN?STRLEN
  +--> ?PR?_SERIAL0_SENDCHAR?ESP8266

?PR?ABCSHOW?ESP8266                       0058H    0003H
  +--> ?PR?SSD1306_CLEAR?SSD1306
  +--> ?PR?_WRITECOMMAND?SSD1306
  +--> ?PR?_SSD1306_PRINTCHAR?SSD1306

?PR?_SSD1306_PRINTCHAR?SSD1306            005BH    0002H
  +--> ?CO?SSD1306
  +--> ?PR?_WRITEDATA?SSD1306

?PR?MQTTCONNECT?DEV_IO                    0058H    0003H
  +--> ?PR?_SERIAL0_SENDCHAR?ESP8266
  +--> ?CO?DEV_IO
  +--> ?PR?_STRLEN?STRLEN
  +--> ?PR?_SERIAL0_SENDINT?ESP8266
  +--> ?PR?_SERIAL0_SENDSTRING?ESP8266

?PR?ABC1SHOW?ESP8266                      0058H    0003H
  +--> ?PR?SSD1306_CLEAR?SSD1306
  +--> ?PR?_WRITECOMMAND?SSD1306
  +--> ?PR?_SSD1306_PRINTCHAR?SSD1306

BL51 BANKED LINKER/LOCATER V6.22                                                      06/14/2017  19:17:10  PAGE 8


?PR?_MQTTPUBLISH0?DEV_IO                  0058H    0003H
  +--> ?CO?DEV_IO
  +--> ?PR?_SERIAL0_SENDCHAR?ESP8266

?PR?_MQTTPUBLISH1?DEV_IO                  0058H    0005H
  +--> ?PR?_SERIAL0_SENDCHAR?ESP8266
  +--> ?CO?DEV_IO
  +--> ?PR?_STRLEN?STRLEN
  +--> ?PR?_SERIAL0_SENDSTRING?ESP8266



SYMBOL TABLE OF MODULE:  dev_io (DEV_IO)

  VALUE           TYPE          NAME
  ----------------------------------

  -------         MODULE        DEV_IO
  C:0000H         SYMBOL        _ICE_DUMMY_
  C:1394H         PUBLIC        Publish0
  C:13B7H         PUBLIC        Publish1
  C:080DH         PUBLIC        clientID
  C:0D93H         PUBLIC        MQTTConnect
  D:0070H         PUBLIC        Lig
  C:0750H         PUBLIC        Subs
  C:0884H         PUBLIC        main
  D:0071H         PUBLIC        CountineCheck
  C:13DAH         PUBLIC        Publish60
  C:0880H         SYMBOL        _?ix1000
  C:13FDH         PUBLIC        Publish61
  C:0882H         SYMBOL        _?ix1001
  B:00B0H.5       PUBLIC        PD5
  B:00B0H.7       PUBLIC        PD7
  C:06CBH         PUBLIC        Connect
  C:12C8H         PUBLIC        _MQTTPublish0
  C:0E90H         PUBLIC        _MQTTPublish1
  D:00B3H         PUBLIC        OEB
  D:00B5H         PUBLIC        OED
  D:00B6H         PUBLIC        OEE
  C:07B0H         PUBLIC        Publish
  C:06BDH         PUBLIC        at_mode
  C:0832H         PUBLIC        username
  C:0857H         PUBLIC        password
  -------         PROC          PUBLISH0
  -------         DO            
  D:0074H         SYMBOL        len
  -------         ENDDO         
  C:1394H         LINE#         50
  C:1394H         LINE#         51
  C:1394H         LINE#         52
  C:1397H         LINE#         53
  C:1399H         LINE#         54
  C:1399H         LINE#         55
  C:13A3H         LINE#         56
  C:13ACH         LINE#         57
  C:13B1H         LINE#         58
  C:13B6H         LINE#         59
BL51 BANKED LINKER/LOCATER V6.22                                                      06/14/2017  19:17:10  PAGE 9


  -------         ENDPROC       PUBLISH0
  -------         PROC          PUBLISH1
  -------         DO            
  D:0075H         SYMBOL        len
  -------         ENDDO         
  C:13B7H         LINE#         60
  C:13B7H         LINE#         61
  C:13B7H         LINE#         62
  C:13BAH         LINE#         63
  C:13BCH         LINE#         64
  C:13BCH         LINE#         65
  C:13C6H         LINE#         66
  C:13CFH         LINE#         67
  C:13D4H         LINE#         68
  C:13D9H         LINE#         69
  -------         ENDPROC       PUBLISH1
  -------         PROC          PUBLISH60
  -------         DO            
  D:0076H         SYMBOL        len
  -------         ENDDO         
  C:13DAH         LINE#         70
  C:13DAH         LINE#         71
  C:13DAH         LINE#         72
  C:13DDH         LINE#         73
  C:13DFH         LINE#         74
  C:13DFH         LINE#         75
  C:13E9H         LINE#         76
  C:13F2H         LINE#         77
  C:13F7H         LINE#         78
  C:13FCH         LINE#         79
  -------         ENDPROC       PUBLISH60
  -------         PROC          PUBLISH61
  -------         DO            
  D:0077H         SYMBOL        len
  -------         ENDDO         
  C:13FDH         LINE#         80
  C:13FDH         LINE#         81
  C:13FDH         LINE#         82
  C:1400H         LINE#         83
  C:1402H         LINE#         84
  C:1402H         LINE#         85
  C:140CH         LINE#         86
  C:1415H         LINE#         87
  C:141AH         LINE#         88
  C:141FH         LINE#         89
  -------         ENDPROC       PUBLISH61
  -------         PROC          _MQTTPUBLISH0
  D:0058H         SYMBOL        channel
  D:0059H         SYMBOL        value
  -------         DO            
  D:005AH         SYMBOL        len
  -------         ENDDO         
  C:12C8H         LINE#         91
  C:12CCH         LINE#         92
  C:12CCH         LINE#         93
  C:12CFH         LINE#         94
  C:12D1H         LINE#         95
BL51 BANKED LINKER/LOCATER V6.22                                                      06/14/2017  19:17:10  PAGE 10


  C:12D1H         LINE#         96
  C:12DBH         LINE#         97
  C:12E4H         LINE#         98
  C:12ECH         LINE#         99
  C:12F4H         LINE#         100
  -------         ENDPROC       _MQTTPUBLISH0
  -------         PROC          MQTTCONNECT
  -------         DO            
  D:0058H         SYMBOL        len
  -------         DO            
  D:005AH         SYMBOL        SendByte
  -------         ENDDO         
  -------         ENDDO         
  C:0D93H         LINE#         106
  C:0D93H         LINE#         107
  C:0D93H         LINE#         108
  C:0D98H         LINE#         109
  C:0D9DH         LINE#         110
  C:0DA3H         LINE#         111
  C:0DBDH         LINE#         112
  C:0DD7H         LINE#         113
  C:0DF1H         LINE#         114
  C:0DF1H         LINE#         115
  C:0DFEH         LINE#         116
  C:0E0DH         LINE#         117
  C:0E1AH         LINE#         118
  C:0E1AH         LINE#         119
  C:0E1DH         LINE#         120
  C:0E1DH         LINE#         121
  C:0E22H         LINE#         122
  C:0E2FH         LINE#         124
  C:0E36H         LINE#         125
  C:0E3FH         LINE#         126
  C:0E44H         LINE#         127
  C:0E49H         LINE#         128
  C:0E50H         LINE#         130
  C:0E5CH         LINE#         131
  C:0E65H         LINE#         132
  C:0E71H         LINE#         133
  C:0E7AH         LINE#         134
  C:0E86H         LINE#         135
  C:0E8FH         LINE#         136
  -------         ENDPROC       MQTTCONNECT
  -------         PROC          _MQTTPUBLISH1
  D:0058H         SYMBOL        channel
  D:0059H         SYMBOL        value
  -------         DO            
  D:005AH         SYMBOL        len
  -------         DO            
  D:005CH         SYMBOL        SendByte
  -------         ENDDO         
  -------         ENDDO         
  C:0E90H         LINE#         139
  C:0E94H         LINE#         140
  C:0E94H         LINE#         141
  C:0E99H         LINE#         142
  C:0E9EH         LINE#         143
BL51 BANKED LINKER/LOCATER V6.22                                                      06/14/2017  19:17:10  PAGE 11


  C:0EA4H         LINE#         144
  C:0EB7H         LINE#         145
  C:0ECAH         LINE#         146
  C:0ECAH         LINE#         147
  C:0ED7H         LINE#         148
  C:0EE6H         LINE#         149
  C:0EF3H         LINE#         150
  C:0EF3H         LINE#         151
  C:0EF6H         LINE#         152
  C:0EF6H         LINE#         153
  C:0EFBH         LINE#         154
  C:0F08H         LINE#         156
  C:0F0DH         LINE#         157
  C:0F12H         LINE#         158
  C:0F1BH         LINE#         159
  C:0F24H         LINE#         160
  C:0F2DH         LINE#         161
  C:0F36H         LINE#         162
  C:0F3FH         LINE#         163
  C:0F47H         LINE#         164
  C:0F4CH         LINE#         165
  C:0F51H         LINE#         166
  C:0F59H         LINE#         167
  -------         ENDPROC       _MQTTPUBLISH1
  -------         PROC          MAIN
  -------         DO            
  D:0052H         SYMBOL        len
  D:0054H         SYMBOL        header
  D:0056H         SYMBOL        flags
  C:08DFH         SYMBOL        Restart
  -------         ENDDO         
  C:0884H         LINE#         169
  C:0884H         LINE#         170
  C:0884H         LINE#         178
  C:0889H         LINE#         179
  C:089EH         LINE#         180
  C:08B5H         LINE#         182
  C:08B8H         LINE#         183
  C:08BBH         LINE#         184
  C:08BEH         LINE#         185
  C:08C5H         LINE#         186
  C:08C7H         LINE#         187
  C:08CAH         LINE#         189
  C:08CDH         LINE#         191
  C:08D0H         LINE#         192
  C:08D3H         LINE#         193
  C:08DCH         LINE#         198
  C:08DFH         LINE#         199
  C:08DFH         LINE#         200
  C:08E8H         LINE#         201
  C:08EFH         LINE#         203
  C:08F8H         LINE#         204
  C:08FDH         LINE#         205
  C:0902H         LINE#         206
  C:0907H         LINE#         207
  C:090EH         LINE#         208
  C:0911H         LINE#         210
BL51 BANKED LINKER/LOCATER V6.22                                                      06/14/2017  19:17:10  PAGE 12


  C:0918H         LINE#         211
  C:091BH         LINE#         213
  C:0924H         LINE#         214
  C:0929H         LINE#         215
  C:092EH         LINE#         216
  C:0933H         LINE#         217
  C:093AH         LINE#         218
  C:093DH         LINE#         220
  C:0946H         LINE#         221
  C:094BH         LINE#         222
  C:0950H         LINE#         223
  C:0955H         LINE#         224
  C:095CH         LINE#         225
  C:095FH         LINE#         227
  C:0968H         LINE#         228
  C:096DH         LINE#         229
  C:0972H         LINE#         230
  C:0977H         LINE#         231
  C:097EH         LINE#         232
  C:0981H         LINE#         234
  C:0984H         LINE#         235
  C:098BH         LINE#         237
  C:0994H         LINE#         239
  C:0997H         LINE#         242
  C:099EH         LINE#         245
  C:09A3H         LINE#         246
  C:09A3H         LINE#         247
  C:09B5H         LINE#         248
  C:09C8H         LINE#         249
  C:09CFH         LINE#         250
  C:09D2H         LINE#         251
  C:09D9H         LINE#         253
  C:09DBH         LINE#         254
  C:09DEH         LINE#         255
  C:09E4H         LINE#         256
  C:09EBH         LINE#         257
  C:09EBH         LINE#         258
  C:09EBH         LINE#         272
  C:09F2H         LINE#         273
  C:09F2H         LINE#         274
  C:09FAH         LINE#         276
  C:09FDH         LINE#         277
  C:09FDH         LINE#         278
  C:09FFH         LINE#         279
  C:0A02H         LINE#         280
  C:0A08H         LINE#         281
  C:0A0FH         LINE#         283
  C:0A11H         LINE#         285
  C:0A11H         LINE#         286
  C:0A13H         LINE#         287
  C:0A16H         LINE#         288
  C:0A1DH         LINE#         289
  C:0A24H         LINE#         290
  C:0A24H         LINE#         291
  C:0A27H         LINE#         293
  C:0A27H         LINE#         295
  C:0A2EH         LINE#         296
BL51 BANKED LINKER/LOCATER V6.22                                                      06/14/2017  19:17:10  PAGE 13


  C:0A35H         LINE#         297
  C:0A3AH         LINE#         298
  C:0A3FH         LINE#         300
  C:0A41H         LINE#         301
  C:0A4AH         LINE#         302
  C:0A4AH         LINE#         303
  C:0A4DH         LINE#         305
  C:0A54H         LINE#         306
  C:0A5BH         LINE#         307
  C:0A60H         LINE#         308
  C:0A60H         LINE#         309
  C:0A67H         LINE#         310
  C:0A69H         LINE#         312
  C:0A69H         LINE#         313
  C:0A70H         LINE#         314
  C:0A70H         LINE#         315
  C:0A77H         LINE#         316
  C:0A7AH         LINE#         344
  C:0A7AH         LINE#         345
  -------         ENDPROC       MAIN
  -------         ENDMOD        DEV_IO

  -------         MODULE        LED_KEY
  C:0000H         SYMBOL        _ICE_DUMMY_
  C:153CH         PUBLIC        SetupPortE
  C:1420H         PUBLIC        Delay1ms
  C:131EH         PUBLIC        LEDFlowRev
  C:1185H         PUBLIC        LEDKeyTest
  C:1459H         PUBLIC        ScanKey
  C:14BDH         PUBLIC        LEDFlash
  D:00B6H         PUBLIC        OEE
  D:00B1H         PUBLIC        IOE
  C:12F5H         PUBLIC        LEDFlow
  C:14E7H         PUBLIC        _Delay
  -------         PROC          SETUPPORTE
  C:153CH         LINE#         4
  C:153CH         LINE#         5
  C:153CH         LINE#         6
  C:153FH         LINE#         7
  -------         ENDPROC       SETUPPORTE
  -------         PROC          DELAY1MS
  -------         DO            
  D:0004H         SYMBOL        j
  D:0006H         SYMBOL        i
  -------         ENDDO         
  C:1420H         LINE#         9
  C:1420H         LINE#         10
  C:1420H         LINE#         13
  C:1423H         LINE#         14
  C:1423H         LINE#         15
  C:1431H         LINE#         16
  C:143CH         LINE#         17
  -------         ENDPROC       DELAY1MS
  -------         PROC          _DELAY
  D:0002H         SYMBOL        ms
  C:14E7H         LINE#         19
  C:14EBH         LINE#         20
BL51 BANKED LINKER/LOCATER V6.22                                                      06/14/2017  19:17:10  PAGE 14


  C:14EBH         LINE#         21
  C:14FAH         LINE#         22
  -------         ENDPROC       _DELAY
  -------         PROC          SCANKEY
  C:1459H         LINE#         23
  C:1459H         LINE#         24
  C:1459H         LINE#         25
  C:145EH         LINE#         26
  C:1461H         LINE#         27
  C:1466H         LINE#         28
  C:1469H         LINE#         29
  C:146EH         LINE#         30
  C:1471H         LINE#         31
  C:1473H         LINE#         32
  -------         ENDPROC       SCANKEY
  -------         PROC          LEDFLOW
  C:12F5H         LINE#         33
  C:12F5H         LINE#         34
  C:12F5H         LINE#         35
  C:12F8H         LINE#         36
  C:12FFH         LINE#         37
  C:1302H         LINE#         38
  C:1309H         LINE#         39
  C:130CH         LINE#         40
  C:1313H         LINE#         41
  C:1316H         LINE#         42
  C:131DH         LINE#         43
  -------         ENDPROC       LEDFLOW
  -------         PROC          LEDFLOWREV
  C:131EH         LINE#         45
  C:131EH         LINE#         46
  C:131EH         LINE#         47
  C:1321H         LINE#         48
  C:1328H         LINE#         49
  C:132BH         LINE#         50
  C:1332H         LINE#         51
  C:1335H         LINE#         52
  C:133CH         LINE#         53
  C:133FH         LINE#         54
  C:1346H         LINE#         55
  -------         ENDPROC       LEDFLOWREV
  -------         PROC          LEDFLASH
  C:14BDH         LINE#         57
  C:14BDH         LINE#         58
  C:14BDH         LINE#         59
  C:14C0H         LINE#         60
  C:14C7H         LINE#         61
  C:14CAH         LINE#         62
  C:14D1H         LINE#         63
  -------         ENDPROC       LEDFLASH
  -------         PROC          LEDKEYTEST
  -------         DO            
  D:0001H         SYMBOL        flag
  -------         ENDDO         
  C:1185H         LINE#         65
  C:1185H         LINE#         66
  C:1185H         LINE#         67
BL51 BANKED LINKER/LOCATER V6.22                                                      06/14/2017  19:17:10  PAGE 15


  C:1187H         LINE#         68
  C:118AH         LINE#         69
  C:118AH         LINE#         70
  C:118AH         LINE#         71
  C:1197H         LINE#         72
  C:119BH         LINE#         73
  C:119FH         LINE#         74
  C:11A1H         LINE#         75
  C:11A1H         LINE#         77
  C:11ADH         LINE#         78
  C:11ADH         LINE#         79
  C:11ADH         LINE#         80
  C:11B0H         LINE#         81
  C:11B2H         LINE#         82
  C:11B2H         LINE#         83
  C:11B5H         LINE#         84
  C:11B7H         LINE#         85
  C:11B7H         LINE#         86
  C:11BAH         LINE#         87
  C:11BCH         LINE#         88
  C:11BCH         LINE#         89
  -------         ENDPROC       LEDKEYTEST
  -------         ENDMOD        LED_KEY

  -------         MODULE        IIC_COMM
  C:0000H         SYMBOL        _ICE_DUMMY_
  C:1505H         PUBLIC        I2CRestart
  C:143DH         PUBLIC        I2CRead
  B:0090H.0       PUBLIC        PB0
  B:0090H.1       PUBLIC        PB1
  C:1347H         PUBLIC        _I2CSend
  C:1517H         PUBLIC        I2CAck
  C:1531H         PUBLIC        I2CStart
  C:1537H         PUBLIC        I2CInit
  C:1520H         PUBLIC        I2CNak
  C:150EH         PUBLIC        I2CStop
  -------         PROC          I2CINIT
  C:1537H         LINE#         6
  C:1537H         LINE#         7
  C:1537H         LINE#         8
  C:1539H         LINE#         9
  C:153BH         LINE#         10
  -------         ENDPROC       I2CINIT
  -------         PROC          I2CSTART
  C:1531H         LINE#         12
  C:1531H         LINE#         13
  C:1531H         LINE#         14
  C:1533H         LINE#         15
  C:1534H         LINE#         16
  C:1536H         LINE#         17
  -------         ENDPROC       I2CSTART
  -------         PROC          I2CRESTART
  C:1505H         LINE#         19
  C:1505H         LINE#         20
  C:1505H         LINE#         22
  C:1507H         LINE#         23
  C:1509H         LINE#         24
BL51 BANKED LINKER/LOCATER V6.22                                                      06/14/2017  19:17:10  PAGE 16


  C:150BH         LINE#         25
  C:150DH         LINE#         26
  -------         ENDPROC       I2CRESTART
  -------         PROC          I2CSTOP
  C:150EH         LINE#         28
  C:150EH         LINE#         29
  C:150EH         LINE#         30
  C:1510H         LINE#         31
  C:1512H         LINE#         32
  C:1514H         LINE#         33
  C:1516H         LINE#         34
  -------         ENDPROC       I2CSTOP
  -------         PROC          I2CACK
  C:1517H         LINE#         36
  C:1517H         LINE#         37
  C:1517H         LINE#         38
  C:1519H         LINE#         39
  C:151BH         LINE#         40
  C:151DH         LINE#         41
  C:151FH         LINE#         42
  -------         ENDPROC       I2CACK
  -------         PROC          I2CNAK
  C:1520H         LINE#         44
  C:1520H         LINE#         45
  C:1520H         LINE#         46
  C:1522H         LINE#         47
  C:1524H         LINE#         48
  C:1526H         LINE#         49
  C:1528H         LINE#         50
  -------         ENDPROC       I2CNAK
  -------         PROC          _I2CSEND
  D:0007H         SYMBOL        Data
  -------         DO            
  D:0006H         SYMBOL        i
  D:0007H         SYMBOL        ack_bit
  -------         ENDDO         
  C:1347H         LINE#         52
  C:1347H         LINE#         53
  C:1347H         LINE#         55
  C:1349H         LINE#         56
  C:134DH         LINE#         57
  C:1351H         LINE#         59
  C:1353H         LINE#         60
  C:1355H         LINE#         61
  C:1356H         LINE#         62
  C:1357H         LINE#         63
  C:1358H         LINE#         64
  C:135AH         LINE#         65
  C:135EH         LINE#         66
  C:1362H         LINE#         67
  C:1364H         LINE#         68
  C:1366H         LINE#         69
  C:1367H         LINE#         70
  C:136CH         LINE#         71
  C:136EH         LINE#         73
  C:136EH         LINE#         74
  -------         ENDPROC       _I2CSEND
BL51 BANKED LINKER/LOCATER V6.22                                                      06/14/2017  19:17:10  PAGE 17


  -------         PROC          I2CREAD
  -------         DO            
  D:0006H         SYMBOL        i
  D:0007H         SYMBOL        Data
  -------         ENDDO         
  C:143DH         LINE#         75
  C:143DH         LINE#         76
  C:143DH         LINE#         77
  C:143FH         LINE#         78
  C:1440H         LINE#         79
  C:1442H         LINE#         80
  C:1445H         LINE#         81
  C:1448H         LINE#         82
  C:144EH         LINE#         83
  C:1452H         LINE#         84
  C:1454H         LINE#         85
  C:1458H         LINE#         86
  C:1458H         LINE#         87
  -------         ENDPROC       I2CREAD
  -------         ENDMOD        IIC_COMM

  -------         MODULE        ESP8266
  C:0000H         SYMBOL        _ICE_DUMMY_
  C:1529H         PUBLIC        _Serial0_SendChar
  B:00A8H.7       PUBLIC        EA
  D:0008H         PUBLIC        temp_dataT
  C:1137H         PUBLIC        ABCshow
  C:1474H         PUBLIC        Serial0_Init
  C:1265H         PUBLIC        ISR_USART0
  B:0098H.0       PUBLIC        RI
  C:1064H         PUBLIC        ABC1Show
  B:0098H.1       PUBLIC        TI
  D:004EH         PUBLIC        count
  C:136FH         PUBLIC        _Serial0_SendInt
  C:122EH         PUBLIC        _Serial0_SendString1
  D:0087H         PUBLIC        PCON
  B:00A8H.4       PUBLIC        ES0
  B:0088H.4       PUBLIC        TR0
  D:0099H         PUBLIC        SBUF0
  D:0098H         PUBLIC        SCON0
  C:11F7H         PUBLIC        _Serial0_SendString
  -------         PROC          SERIAL0_INIT
  C:1474H         LINE#         13
  C:1474H         LINE#         14
  C:1474H         LINE#         15
  C:147AH         LINE#         16
  C:1480H         LINE#         17
  C:1483H         LINE#         18
  C:1486H         LINE#         19
  C:1488H         LINE#         20
  C:148AH         LINE#         21
  C:148CH         LINE#         27
  -------         ENDPROC       SERIAL0_INIT
  -------         PROC          _SERIAL0_SENDSTRING
  D:005DH         SYMBOL        temp
  -------         DO            
  D:0060H         SYMBOL        i
BL51 BANKED LINKER/LOCATER V6.22                                                      06/14/2017  19:17:10  PAGE 18


  -------         ENDDO         
  C:11F7H         LINE#         29
  C:11FDH         LINE#         30
  C:11FDH         LINE#         32
  C:1216H         LINE#         33
  C:1216H         LINE#         34
  C:1229H         LINE#         35
  C:122DH         LINE#         36
  -------         ENDPROC       _SERIAL0_SENDSTRING
  -------         PROC          _SERIAL0_SENDSTRING1
  D:0069H         SYMBOL        temp
  -------         DO            
  D:006CH         SYMBOL        i
  -------         ENDDO         
  C:122EH         LINE#         38
  C:1234H         LINE#         39
  C:1234H         LINE#         41
  C:124DH         LINE#         42
  C:124DH         LINE#         43
  C:1260H         LINE#         44
  C:1264H         LINE#         45
  -------         ENDPROC       _SERIAL0_SENDSTRING1
  -------         PROC          ABC1SHOW
  -------         DO            
  D:0058H         SYMBOL        h
  D:0059H         SYMBOL        l
  D:005AH         SYMBOL        i
  -------         ENDDO         
  C:1064H         LINE#         47
  C:1064H         LINE#         48
  C:1064H         LINE#         50
  C:1067H         LINE#         51
  C:106CH         LINE#         52
  C:1071H         LINE#         53
  C:1076H         LINE#         54
  C:107BH         LINE#         56
  C:1085H         LINE#         57
  C:1085H         LINE#         58
  C:1091H         LINE#         59
  C:1096H         LINE#         60
  C:109DH         LINE#         61
  C:10A7H         LINE#         63
  C:10AFH         LINE#         64
  C:10B6H         LINE#         65
  C:10C0H         LINE#         67
  C:10C8H         LINE#         68
  C:10CCH         LINE#         69
  C:10CFH         LINE#         70
  -------         ENDPROC       ABC1SHOW
  -------         PROC          ABCSHOW
  -------         DO            
  D:0058H         SYMBOL        h
  D:0059H         SYMBOL        l
  D:005AH         SYMBOL        i
  -------         ENDDO         
  C:1137H         LINE#         72
  C:1137H         LINE#         73
BL51 BANKED LINKER/LOCATER V6.22                                                      06/14/2017  19:17:10  PAGE 19


  C:1137H         LINE#         75
  C:113AH         LINE#         76
  C:113FH         LINE#         77
  C:1144H         LINE#         78
  C:1149H         LINE#         79
  C:114EH         LINE#         81
  C:1158H         LINE#         82
  C:1158H         LINE#         83
  C:116CH         LINE#         84
  C:1173H         LINE#         86
  C:117DH         LINE#         87
  C:1181H         LINE#         102
  C:1184H         LINE#         103
  -------         ENDPROC       ABCSHOW
  -------         PROC          _SERIAL0_SENDINT
  D:0002H         SYMBOL        source
  C:136FH         LINE#         104
  C:1373H         LINE#         105
  C:1373H         LINE#         106
  C:137CH         LINE#         107
  C:137FH         LINE#         108
  C:1381H         LINE#         109
  C:138EH         LINE#         110
  C:1391H         LINE#         111
  C:1393H         LINE#         112
  -------         ENDPROC       _SERIAL0_SENDINT
  -------         PROC          _SERIAL0_SENDCHAR
  D:0007H         SYMBOL        source
  C:1529H         LINE#         114
  C:1529H         LINE#         115
  C:1529H         LINE#         116
  C:152BH         LINE#         117
  C:152EH         LINE#         118
  C:1530H         LINE#         119
  -------         ENDPROC       _SERIAL0_SENDCHAR
  -------         PROC          ISR_USART0
  -------         DO            
  D:004FH         SYMBOL        temp_data
  D:0050H         SYMBOL        h
  D:0051H         SYMBOL        l
  -------         ENDDO         
  C:1265H         LINE#         120
  C:126EH         LINE#         123
  C:1271H         LINE#         124
  C:1271H         LINE#         125
  C:1273H         LINE#         127
  C:127AH         LINE#         128
  C:127AH         LINE#         129
  C:1281H         LINE#         130
  C:1283H         LINE#         131
  C:128CH         LINE#         132
  C:128EH         LINE#         134
  C:128EH         LINE#         135
  C:1291H         LINE#         136
  C:1291H         LINE#         144
  C:1291H         LINE#         145
  -------         ENDPROC       ISR_USART0
BL51 BANKED LINKER/LOCATER V6.22                                                      06/14/2017  19:17:10  PAGE 20


  -------         ENDMOD        ESP8266

  -------         MODULE        SSD1306
  C:0000H         SYMBOL        _ICE_DUMMY_
  C:1298H         PUBLIC        ssd1306_clear
  C:0C66H         PUBLIC        _ssd1306_printf
  C:0026H         PUBLIC        au8Font8x8
  C:0003H         PUBLIC        ssd1306_draw
  C:14A5H         PUBLIC        _writeData
  D:006DH         PUBLIC        m_pFramebuffer
  C:0FE6H         PUBLIC        ssd1306_initalize
  C:11BFH         PUBLIC        _ssd1306_printchar
  C:148DH         PUBLIC        _writeCommand
  -------         PROC          _WRITECOMMAND
  D:005FH         SYMBOL        cmd
  C:148DH         LINE#         248
  C:148FH         LINE#         249
  C:148FH         LINE#         250
  C:1492H         LINE#         251
  C:1497H         LINE#         252
  C:149CH         LINE#         253
  C:14A1H         LINE#         254
  C:14A4H         LINE#         255
  -------         ENDPROC       _WRITECOMMAND
  -------         PROC          _WRITEDATA
  D:005FH         SYMBOL        cmd
  C:14A5H         LINE#         257
  C:14A7H         LINE#         258
  C:14A7H         LINE#         259
  C:14AAH         LINE#         260
  C:14AFH         LINE#         261
  C:14B4H         LINE#         262
  C:14B9H         LINE#         263
  C:14BCH         LINE#         264
  -------         ENDPROC       _WRITEDATA
  -------         PROC          SSD1306_INITALIZE
  C:0FE6H         LINE#         265
  C:0FE6H         LINE#         266
  C:0FE6H         LINE#         274
  C:0FEBH         LINE#         275
  C:0FF0H         LINE#         276
  C:0FF5H         LINE#         277
  C:0FFAH         LINE#         278
  C:0FFFH         LINE#         279
  C:1004H         LINE#         280
  C:1009H         LINE#         281
  C:100EH         LINE#         282
  C:1013H         LINE#         283
  C:1018H         LINE#         284
  C:101DH         LINE#         285
  C:1022H         LINE#         286
  C:1027H         LINE#         287
  C:102CH         LINE#         288
  C:1031H         LINE#         289
  C:1036H         LINE#         290
  C:103BH         LINE#         291
  C:1040H         LINE#         292
BL51 BANKED LINKER/LOCATER V6.22                                                      06/14/2017  19:17:10  PAGE 21


  C:1045H         LINE#         293
  C:104AH         LINE#         294
  C:104FH         LINE#         295
  C:1054H         LINE#         296
  C:1059H         LINE#         297
  C:105EH         LINE#         298
  C:1063H         LINE#         301
  -------         ENDPROC       SSD1306_INITALIZE
  -------         PROC          SSD1306_CLEAR
  -------         DO            
  D:005BH         SYMBOL        i
  -------         ENDDO         
  C:1298H         LINE#         303
  C:1298H         LINE#         304
  C:1298H         LINE#         307
  C:129DH         LINE#         308
  C:12A2H         LINE#         309
  C:12A7H         LINE#         310
  C:12ACH         LINE#         312
  C:12B1H         LINE#         313
  C:12B1H         LINE#         314
  C:12B6H         LINE#         315
  C:12C7H         LINE#         316
  -------         ENDPROC       SSD1306_CLEAR
  -------         PROC          _SSD1306_PRINTCHAR
  D:005BH         SYMBOL        dat
  -------         DO            
  D:005CH         SYMBOL        i
  -------         ENDDO         
  C:11BFH         LINE#         318
  C:11C1H         LINE#         319
  C:11C1H         LINE#         321
  C:11C4H         LINE#         322
  C:11C4H         LINE#         323
  C:11EDH         LINE#         324
  C:11F6H         LINE#         325
  -------         ENDPROC       _SSD1306_PRINTCHAR
  -------         PROC          SSD1306_DRAW
  -------         DO            
  D:0006H         SYMBOL        i
  D:0072H         SYMBOL        j
  -------         ENDDO         
  C:0003H         LINE#         327
  C:0003H         LINE#         328
  C:0003H         LINE#         331
  C:0008H         LINE#         332
  C:000DH         LINE#         333
  C:0012H         LINE#         335
  C:0022H         LINE#         337
  -------         ENDPROC       SSD1306_DRAW
  -------         PROC          _SSD1306_PRINTF
  D:0058H         SYMBOL        dat
  -------         DO            
  D:005BH         SYMBOL        i
  D:005DH         SYMBOL        j
  -------         ENDDO         
  C:0C66H         LINE#         339
BL51 BANKED LINKER/LOCATER V6.22                                                      06/14/2017  19:17:10  PAGE 22


  C:0C6CH         LINE#         340
  C:0C6CH         LINE#         341
  C:0C71H         LINE#         342
  C:0C75H         LINE#         344
  C:0C79H         LINE#         345
  C:0C7EH         LINE#         346
  C:0C83H         LINE#         347
  C:0C88H         LINE#         349
  C:0CA8H         LINE#         350
  C:0CA8H         LINE#         351
  C:0CC5H         LINE#         352
  C:0CCAH         LINE#         353
  C:0CFBH         LINE#         355
  C:0D00H         LINE#         356
  C:0D48H         LINE#         357
  C:0D53H         LINE#         358
  C:0D83H         LINE#         359
  C:0D92H         LINE#         360
  -------         ENDPROC       _SSD1306_PRINTF
  -------         ENDMOD        SSD1306

  -------         MODULE        EZREGS
  C:0000H         SYMBOL        _ICE_DUMMY_
  X:E652H         PUBLIC        EP4FIFOIE
  X:E668H         PUBLIC        INTSETUP
  X:E600H         PUBLIC        CPUCS
  X:E654H         PUBLIC        EP6FIFOIE
  X:E680H         PUBLIC        USBCS
  X:E65FH         PUBLIC        EPIRQ
  X:E656H         PUBLIC        EP8FIFOIE
  X:E6F2H         PUBLIC        XGPIFSGLDATLNOX
  X:E6C0H         PUBLIC        GPIFWFSELECT
  X:E6F0H         PUBLIC        XGPIFSGLDATH
  X:E605H         PUBLIC        BREAKPT
  X:E609H         PUBLIC        FIFOPINPOLAR
  X:E640H         PUBLIC        EP2ISOINPKTS
  X:E678H         PUBLIC        I2CS
  X:E610H         PUBLIC        EP1OUTCFG
  X:E6F9H         PUBLIC        TESTCFG
  X:E641H         PUBLIC        EP4ISOINPKTS
  X:E68AH         PUBLIC        EP0BCH
  X:E661H         PUBLIC        GPIFIRQ
  X:E642H         PUBLIC        EP6ISOINPKTS
  X:E690H         PUBLIC        EP2BCH
  X:E643H         PUBLIC        EP8ISOINPKTS
  X:E694H         PUBLIC        EP4BCH
  X:E68BH         PUBLIC        EP0BCL
  X:E612H         PUBLIC        EP2CFG
  X:E698H         PUBLIC        EP6BCH
  X:E691H         PUBLIC        EP2BCL
  X:E613H         PUBLIC        EP4CFG
  X:E6A7H         PUBLIC        EP2FIFOFLGS
  X:E69CH         PUBLIC        EP8BCH
  X:E695H         PUBLIC        EP4BCL
  X:E628H         PUBLIC        ECCCFG
  X:E614H         PUBLIC        EP6CFG
  X:E6A8H         PUBLIC        EP4FIFOFLGS
BL51 BANKED LINKER/LOCATER V6.22                                                      06/14/2017  19:17:10  PAGE 23


  X:E699H         PUBLIC        EP6BCL
  X:E780H         PUBLIC        EP1OUTBUF
  X:E67BH         PUBLIC        XAUTODAT1
  X:E615H         PUBLIC        EP8CFG
  X:E6A9H         PUBLIC        EP6FIFOFLGS
  X:E69DH         PUBLIC        EP8BCL
  X:E67CH         PUBLIC        XAUTODAT2
  X:E684H         PUBLIC        USBFRAMEH
  X:E6F5H         PUBLIC        GPIFABORT
  X:E6AAH         PUBLIC        EP8FIFOFLGS
  X:E6F8H         PUBLIC        DBUG
  X:E740H         PUBLIC        EP0BUF
  X:E6CBH         PUBLIC        FLOWSTB
  X:E65EH         PUBLIC        EPIE
  X:E685H         PUBLIC        USBFRAMEL
  X:E681H         PUBLIC        SUSPEND
  X:E60CH         PUBLIC        GPIFHOLDAMOUNT
  X:E6D4H         PUBLIC        EP2GPIFTRIG
  X:E6C7H         PUBLIC        FLOWLOGIC
  X:E6DCH         PUBLIC        EP4GPIFTRIG
  X:E604H         PUBLIC        FIFORESET
  X:E6E4H         PUBLIC        EP6GPIFTRIG
  X:E6C2H         PUBLIC        GPIFIDLECTL
  X:E6FAH         PUBLIC        USBTEST
  X:E6B3H         PUBLIC        SUDPTRH
  X:E6ECH         PUBLIC        EP8GPIFTRIG
  X:E6D2H         PUBLIC        EP2GPIFFLGSEL
  X:E611H         PUBLIC        EP1INCFG
  X:E6B4H         PUBLIC        SUDPTRL
  X:E687H         PUBLIC        FNADDR
  X:E6DAH         PUBLIC        EP4GPIFFLGSEL
  X:E6D1H         PUBLIC        GPIFTCB0
  X:E6CDH         PUBLIC        FLOWSTBHPERIOD
  X:E6D0H         PUBLIC        GPIFTCB1
  X:E665H         PUBLIC        CLRERRCNT
  X:E6E2H         PUBLIC        EP6GPIFFLGSEL
  X:E6CFH         PUBLIC        GPIFTCB2
  X:E664H         PUBLIC        ERRCNTLIM
  X:E6CEH         PUBLIC        GPIFTCB3
  X:E6EAH         PUBLIC        EP8GPIFFLGSEL
  X:E660H         PUBLIC        GPIFIE
  X:E67FH         PUBLIC        UDMACRCQUAL
  X:E400H         PUBLIC        GPIF_WAVE_DATA
  X:E6CCH         PUBLIC        FLOWSTBEDGE
  X:E6ABH         PUBLIC        EP2FIFOBCH
  X:E7C0H         PUBLIC        EP1INBUF
  X:E6C6H         PUBLIC        FLOWSTATE
  X:E6ADH         PUBLIC        EP4FIFOBCH
  X:E6CAH         PUBLIC        FLOWHOLDOFF
  X:E618H         PUBLIC        EP2FIFOCFG
  X:E6AFH         PUBLIC        EP6FIFOBCH
  X:E6ACH         PUBLIC        EP2FIFOBCL
  X:E619H         PUBLIC        EP4FIFOCFG
  X:E6B1H         PUBLIC        EP8FIFOBCH
  X:E6AEH         PUBLIC        EP4FIFOBCL
  X:E649H         PUBLIC        OUTPKTEND
  X:E663H         PUBLIC        USBERRIRQ
BL51 BANKED LINKER/LOCATER V6.22                                                      06/14/2017  19:17:10  PAGE 24


  X:E61AH         PUBLIC        EP6FIFOCFG
  X:E6B0H         PUBLIC        EP6FIFOBCL
  X:E620H         PUBLIC        EP2AUTOINLENH
  X:E61BH         PUBLIC        EP8FIFOCFG
  X:E6B2H         PUBLIC        EP8FIFOBCL
  X:E68DH         PUBLIC        EP1OUTBC
  X:E622H         PUBLIC        EP4AUTOINLENH
  X:E666H         PUBLIC        INT2IVEC
  X:E659H         PUBLIC        IBNIRQ
  X:E6FBH         PUBLIC        CT1
  X:E6C4H         PUBLIC        GPIFADRH
  X:E65BH         PUBLIC        NAKIRQ
  X:E624H         PUBLIC        EP6AUTOINLENH
  X:E621H         PUBLIC        EP2AUTOINLENL
  X:E601H         PUBLIC        IFCONFIG
  X:E6FCH         PUBLIC        CT2
  X:E6B5H         PUBLIC        SUDPTRCTL
  X:E667H         PUBLIC        INT4IVEC
  X:E6FDH         PUBLIC        CT3
  X:E67DH         PUBLIC        UDMACRCH
  X:E626H         PUBLIC        EP8AUTOINLENH
  X:E623H         PUBLIC        EP4AUTOINLENL
  X:E6FEH         PUBLIC        CT4
  X:F000H         PUBLIC        EP2FIFOBUF
  X:E6C5H         PUBLIC        GPIFADRL
  X:E625H         PUBLIC        EP6AUTOINLENL
  X:E630H         PUBLIC        EP2FIFOPFH
  X:F400H         PUBLIC        EP4FIFOBUF
  X:E67EH         PUBLIC        UDMACRCL
  X:E627H         PUBLIC        EP8AUTOINLENL
  X:E6D3H         PUBLIC        EP2GPIFPFSTOP
  X:E683H         PUBLIC        TOGCTL
  X:E632H         PUBLIC        EP4FIFOPFH
  X:F800H         PUBLIC        EP6FIFOBUF
  X:E629H         PUBLIC        ECCRESET
  X:E6DBH         PUBLIC        EP4GPIFPFSTOP
  X:E634H         PUBLIC        EP6FIFOPFH
  X:E631H         PUBLIC        EP2FIFOPFL
  X:FC00H         PUBLIC        EP8FIFOBUF
  X:E60BH         PUBLIC        REVCTL
  X:E6E3H         PUBLIC        EP6GPIFPFSTOP
  X:E636H         PUBLIC        EP8FIFOPFH
  X:E633H         PUBLIC        EP4FIFOPFL
  X:E608H         PUBLIC        UART230
  X:E480H         PUBLIC        RES_WAVEDATA_END
  X:E6EBH         PUBLIC        EP8GPIFPFSTOP
  X:E679H         PUBLIC        I2DAT
  X:E635H         PUBLIC        EP6FIFOPFL
  X:E6A1H         PUBLIC        EP1OUTCS
  X:E637H         PUBLIC        EP8FIFOPFL
  X:E65DH         PUBLIC        USBIRQ
  X:E670H         PUBLIC        PORTACFG
  X:E671H         PUBLIC        PORTCCFG
  X:E651H         PUBLIC        EP2FIFOIRQ
  X:E602H         PUBLIC        PINFLAGSAB
  X:E6A0H         PUBLIC        EP0CS
  X:E6F4H         PUBLIC        GPIFREADYSTAT
BL51 BANKED LINKER/LOCATER V6.22                                                      06/14/2017  19:17:10  PAGE 25


  X:E6C3H         PUBLIC        GPIFCTLCFG
  X:E672H         PUBLIC        PORTECFG
  X:E653H         PUBLIC        EP4FIFOIRQ
  X:E6C1H         PUBLIC        GPIFIDLECS
  X:E6A3H         PUBLIC        EP2CS
  X:E509H         PUBLIC        GPCR2
  X:E67AH         PUBLIC        I2CTL
  X:E655H         PUBLIC        EP6FIFOIRQ
  X:E603H         PUBLIC        PINFLAGSCD
  X:E6A4H         PUBLIC        EP4CS
  X:E648H         PUBLIC        INPKTEND
  X:E657H         PUBLIC        EP8FIFOIRQ
  X:E6A5H         PUBLIC        EP6CS
  X:E6A6H         PUBLIC        EP8CS
  X:E68FH         PUBLIC        EP1INBC
  X:E662H         PUBLIC        USBERRIE
  X:E6C8H         PUBLIC        FLOWEQ0CTL
  X:E6C9H         PUBLIC        FLOWEQ1CTL
  X:E682H         PUBLIC        WAKEUPCS
  X:E6F1H         PUBLIC        XGPIFSGLDATLX
  X:E658H         PUBLIC        IBNIE
  X:E686H         PUBLIC        MICROFRAME
  X:E65AH         PUBLIC        NAKIE
  X:E6B8H         PUBLIC        SETUPDAT
  X:E62AH         PUBLIC        ECC1B0
  X:E62DH         PUBLIC        ECC2B0
  X:E62BH         PUBLIC        ECC1B1
  X:E6F3H         PUBLIC        GPIFREADYCFG
  X:E62EH         PUBLIC        ECC2B1
  X:E62CH         PUBLIC        ECC1B2
  X:E62FH         PUBLIC        ECC2B2
  X:E6A2H         PUBLIC        EP1INCS
  X:E606H         PUBLIC        BPADDRH
  X:E65CH         PUBLIC        USBIE
  X:E60AH         PUBLIC        REVID
  X:E607H         PUBLIC        BPADDRL
  X:E650H         PUBLIC        EP2FIFOIE
  -------         ENDMOD        EZREGS

  -------         MODULE        MQTTPACKET
  C:0000H         SYMBOL        _ICE_DUMMY_
  C:1540H         PUBLIC        MQTT_Connet
  C:10D0H         PUBLIC        _MQTTPacket_encode
  -------         PROC          _MQTTPACKET_ENCODE
  D:0061H         SYMBOL        buf
  D:0064H         SYMBOL        length
  -------         DO            
  D:0066H         SYMBOL        rc
  -------         DO            
  D:0068H         SYMBOL        d
  -------         ENDDO         
  -------         ENDDO         
  C:10D0H         LINE#         29
  C:10DAH         LINE#         30
  C:10DAH         LINE#         31
  C:10DFH         LINE#         34
  C:10DFH         LINE#         35
BL51 BANKED LINKER/LOCATER V6.22                                                      06/14/2017  19:17:10  PAGE 26


  C:10ECH         LINE#         36
  C:10FBH         LINE#         38
  C:1108H         LINE#         39
  C:110BH         LINE#         40
  C:1125H         LINE#         41
  C:1132H         LINE#         42
  C:1136H         LINE#         43
  -------         ENDPROC       _MQTTPACKET_ENCODE
  -------         PROC          MQTT_CONNET
  C:1540H         LINE#         83
  C:1540H         LINE#         84
  C:1540H         LINE#         88
  -------         ENDPROC       MQTT_CONNET
  -------         ENDMOD        MQTTPACKET

  -------         MODULE        ?C?COPY
  C:0B4DH         PUBLIC        ?C?COPY
  -------         ENDMOD        ?C?COPY

  -------         MODULE        ?C?CLDOPTR
  C:0B73H         PUBLIC        ?C?CLDOPTR
  -------         ENDMOD        ?C?CLDOPTR

  -------         MODULE        ?C?CSTOPTR
  C:0BA0H         PUBLIC        ?C?CSTOPTR
  -------         ENDMOD        ?C?CSTOPTR

  -------         MODULE        ?C?SIDIV
  C:0BC2H         PUBLIC        ?C?SIDIV
  -------         ENDMOD        ?C?SIDIV

  -------         MODULE        STRLEN
  C:14D2H         PUBLIC        _STRLEN
  -------         ENDMOD        STRLEN

  -------         MODULE        ?C?CLDPTR
  C:0BF8H         PUBLIC        ?C?CLDPTR
  -------         ENDMOD        ?C?CLDPTR

  -------         MODULE        ?C?UIDIV
  C:0C11H         PUBLIC        ?C?UIDIV
  -------         ENDMOD        ?C?UIDIV

*** WARNING L16: UNCALLED SEGMENT, IGNORED FOR OVERLAY PROCESS
    SEGMENT: ?PR?PUBLISH0?DEV_IO

*** WARNING L16: UNCALLED SEGMENT, IGNORED FOR OVERLAY PROCESS
    SEGMENT: ?PR?PUBLISH1?DEV_IO

*** WARNING L16: UNCALLED SEGMENT, IGNORED FOR OVERLAY PROCESS
    SEGMENT: ?PR?PUBLISH60?DEV_IO

*** WARNING L16: UNCALLED SEGMENT, IGNORED FOR OVERLAY PROCESS
    SEGMENT: ?PR?PUBLISH61?DEV_IO

*** WARNING L16: UNCALLED SEGMENT, IGNORED FOR OVERLAY PROCESS
    SEGMENT: ?PR?LEDKEYTEST?LED_KEY
BL51 BANKED LINKER/LOCATER V6.22                                                      06/14/2017  19:17:10  PAGE 27



*** WARNING L16: UNCALLED SEGMENT, IGNORED FOR OVERLAY PROCESS
    SEGMENT: ?PR?I2CRESTART?IIC_COMM

*** WARNING L16: UNCALLED SEGMENT, IGNORED FOR OVERLAY PROCESS
    SEGMENT: ?PR?I2CACK?IIC_COMM

*** WARNING L16: UNCALLED SEGMENT, IGNORED FOR OVERLAY PROCESS
    SEGMENT: ?PR?I2CNAK?IIC_COMM

*** WARNING L16: UNCALLED SEGMENT, IGNORED FOR OVERLAY PROCESS
    SEGMENT: ?PR?I2CREAD?IIC_COMM

*** WARNING L16: UNCALLED SEGMENT, IGNORED FOR OVERLAY PROCESS
    SEGMENT: ?PR?_SERIAL0_SENDSTRING1?ESP8266

*** WARNING L16: UNCALLED SEGMENT, IGNORED FOR OVERLAY PROCESS
    SEGMENT: ?PR?SSD1306_DRAW?SSD1306

*** WARNING L16: UNCALLED SEGMENT, IGNORED FOR OVERLAY PROCESS
    SEGMENT: ?PR?_MQTTPACKET_ENCODE?MQTTPACKET

*** WARNING L16: UNCALLED SEGMENT, IGNORED FOR OVERLAY PROCESS
    SEGMENT: ?PR?MQTT_CONNET?MQTTPACKET

Program Size: data=121.0 xdata=4473 code=5441
LINK/LOCATE RUN COMPLETE.  13 WARNING(S),  0 ERROR(S)
