BL51 BANKED LINKER/LOCATER V6.22                                                        07/08/2017  17:20:26  PAGE 1


BL51 BANKED LINKER/LOCATER V6.22, INVOKED BY:
C:\KEIL\C51\BIN\BL51.EXE dev_io.obj, LED_Key.obj, iic_comm.obj, ESP8266.obj, ssd1306.obj, ..\..\Target\Lib\LP\EZUSB.LIB,
>>  MQTTPacket.obj TO dev_io RAMSIZE (256)


MEMORY MODEL: SMALL


INPUT MODULES INCLUDED:
  dev_io.obj (DEV_IO)
  LED_Key.obj (LED_KEY)
  iic_comm.obj (IIC_COMM)
  ESP8266.obj (ESP8266)
  ssd1306.obj (SSD1306)
  ..\..\Target\Lib\LP\EZUSB.LIB (EZREGS)
  MQTTPacket.obj (MQTTPACKET)
  C:\KEIL\C51\LIB\C51S.LIB (?C_STARTUP)
  C:\KEIL\C51\LIB\C51S.LIB (?C?COPY)
  C:\KEIL\C51\LIB\C51S.LIB (?C?CLDOPTR)
  C:\KEIL\C51\LIB\C51S.LIB (?C?CSTOPTR)
  C:\KEIL\C51\LIB\C51S.LIB (?C?SIDIV)
  C:\KEIL\C51\LIB\C51S.LIB (STRLEN)
  C:\KEIL\C51\LIB\C51S.LIB (?C_INIT)
  C:\KEIL\C51\LIB\C51S.LIB (?C?CLDPTR)
  C:\KEIL\C51\LIB\C51S.LIB (?C?UIDIV)


LINK MAP OF MODULE:  dev_io (DEV_IO)


            TYPE    BASE      LENGTH    RELOCATION   SEGMENT NAME
            -----------------------------------------------------

            * * * * * * *   D A T A   M E M O R Y   * * * * * * *
            REG     0000H     0008H     ABSOLUTE     "REG BANK 0"
            DATA    0008H     0047H     UNIT         ?DT?ESP8266
            DATA    004FH     0011H     UNIT         _DATA_GROUP_
            DATA    0060H     0008H     UNIT         ?DT?_MQTTPACKET_ENCODE?MQTTPACKET
            DATA    0068H     0004H     UNIT         ?DT?_SERIAL0_SENDSTRING1?ESP8266
            DATA    006CH     0003H     UNIT         ?DT?ABC1SHOW?ESP8266
            DATA    006FH     0003H     UNIT         ?DT?SSD1306
            DATA    0072H     0002H     UNIT         ?DT?DEV_IO
            DATA    0074H     0002H     UNIT         ?DT?SSD1306_DRAW?SSD1306
            IDATA   0076H     0001H     UNIT         ?STACK

            * * * * * * *  X D A T A   M E M O R Y  * * * * * * *
                    0000H     E400H                  *** GAP ***
            XDATA   E400H     0001H     ABSOLUTE     
                    E401H     007FH                  *** GAP ***
            XDATA   E480H     0001H     ABSOLUTE     
                    E481H     0088H                  *** GAP ***
            XDATA   E509H     0001H     ABSOLUTE     
                    E50AH     00F6H                  *** GAP ***
            XDATA   E600H     0001H     ABSOLUTE     
            XDATA   E601H     0001H     ABSOLUTE     
            XDATA   E602H     0001H     ABSOLUTE     
            XDATA   E603H     0001H     ABSOLUTE     
            XDATA   E604H     0001H     ABSOLUTE     
BL51 BANKED LINKER/LOCATER V6.22                                                      07/08/2017  17:20:26  PAGE 2


            XDATA   E605H     0001H     ABSOLUTE     
            XDATA   E606H     0001H     ABSOLUTE     
            XDATA   E607H     0001H     ABSOLUTE     
            XDATA   E608H     0001H     ABSOLUTE     
            XDATA   E609H     0001H     ABSOLUTE     
            XDATA   E60AH     0001H     ABSOLUTE     
            XDATA   E60BH     0001H     ABSOLUTE     
            XDATA   E60CH     0001H     ABSOLUTE     
                    E60DH     0003H                  *** GAP ***
            XDATA   E610H     0001H     ABSOLUTE     
            XDATA   E611H     0001H     ABSOLUTE     
            XDATA   E612H     0001H     ABSOLUTE     
            XDATA   E613H     0001H     ABSOLUTE     
            XDATA   E614H     0001H     ABSOLUTE     
            XDATA   E615H     0001H     ABSOLUTE     
                    E616H     0002H                  *** GAP ***
            XDATA   E618H     0001H     ABSOLUTE     
            XDATA   E619H     0001H     ABSOLUTE     
            XDATA   E61AH     0001H     ABSOLUTE     
            XDATA   E61BH     0001H     ABSOLUTE     
                    E61CH     0004H                  *** GAP ***
            XDATA   E620H     0001H     ABSOLUTE     
            XDATA   E621H     0001H     ABSOLUTE     
            XDATA   E622H     0001H     ABSOLUTE     
            XDATA   E623H     0001H     ABSOLUTE     
            XDATA   E624H     0001H     ABSOLUTE     
            XDATA   E625H     0001H     ABSOLUTE     
            XDATA   E626H     0001H     ABSOLUTE     
            XDATA   E627H     0001H     ABSOLUTE     
            XDATA   E628H     0001H     ABSOLUTE     
            XDATA   E629H     0001H     ABSOLUTE     
            XDATA   E62AH     0001H     ABSOLUTE     
            XDATA   E62BH     0001H     ABSOLUTE     
            XDATA   E62CH     0001H     ABSOLUTE     
            XDATA   E62DH     0001H     ABSOLUTE     
            XDATA   E62EH     0001H     ABSOLUTE     
            XDATA   E62FH     0001H     ABSOLUTE     
            XDATA   E630H     0001H     ABSOLUTE     
            XDATA   E631H     0001H     ABSOLUTE     
            XDATA   E632H     0001H     ABSOLUTE     
            XDATA   E633H     0001H     ABSOLUTE     
            XDATA   E634H     0001H     ABSOLUTE     
            XDATA   E635H     0001H     ABSOLUTE     
            XDATA   E636H     0001H     ABSOLUTE     
            XDATA   E637H     0001H     ABSOLUTE     
                    E638H     0008H                  *** GAP ***
            XDATA   E640H     0001H     ABSOLUTE     
            XDATA   E641H     0001H     ABSOLUTE     
            XDATA   E642H     0001H     ABSOLUTE     
            XDATA   E643H     0001H     ABSOLUTE     
                    E644H     0004H                  *** GAP ***
            XDATA   E648H     0001H     ABSOLUTE     
            XDATA   E649H     0001H     ABSOLUTE     
                    E64AH     0006H                  *** GAP ***
            XDATA   E650H     0001H     ABSOLUTE     
            XDATA   E651H     0001H     ABSOLUTE     
            XDATA   E652H     0001H     ABSOLUTE     
BL51 BANKED LINKER/LOCATER V6.22                                                      07/08/2017  17:20:26  PAGE 3


            XDATA   E653H     0001H     ABSOLUTE     
            XDATA   E654H     0001H     ABSOLUTE     
            XDATA   E655H     0001H     ABSOLUTE     
            XDATA   E656H     0001H     ABSOLUTE     
            XDATA   E657H     0001H     ABSOLUTE     
            XDATA   E658H     0001H     ABSOLUTE     
            XDATA   E659H     0001H     ABSOLUTE     
            XDATA   E65AH     0001H     ABSOLUTE     
            XDATA   E65BH     0001H     ABSOLUTE     
            XDATA   E65CH     0001H     ABSOLUTE     
            XDATA   E65DH     0001H     ABSOLUTE     
            XDATA   E65EH     0001H     ABSOLUTE     
            XDATA   E65FH     0001H     ABSOLUTE     
            XDATA   E660H     0001H     ABSOLUTE     
            XDATA   E661H     0001H     ABSOLUTE     
            XDATA   E662H     0001H     ABSOLUTE     
            XDATA   E663H     0001H     ABSOLUTE     
            XDATA   E664H     0001H     ABSOLUTE     
            XDATA   E665H     0001H     ABSOLUTE     
            XDATA   E666H     0001H     ABSOLUTE     
            XDATA   E667H     0001H     ABSOLUTE     
            XDATA   E668H     0001H     ABSOLUTE     
                    E669H     0007H                  *** GAP ***
            XDATA   E670H     0001H     ABSOLUTE     
            XDATA   E671H     0001H     ABSOLUTE     
            XDATA   E672H     0001H     ABSOLUTE     
                    E673H     0005H                  *** GAP ***
            XDATA   E678H     0001H     ABSOLUTE     
            XDATA   E679H     0001H     ABSOLUTE     
            XDATA   E67AH     0001H     ABSOLUTE     
            XDATA   E67BH     0001H     ABSOLUTE     
            XDATA   E67CH     0001H     ABSOLUTE     
            XDATA   E67DH     0001H     ABSOLUTE     
            XDATA   E67EH     0001H     ABSOLUTE     
            XDATA   E67FH     0001H     ABSOLUTE     
            XDATA   E680H     0001H     ABSOLUTE     
            XDATA   E681H     0001H     ABSOLUTE     
            XDATA   E682H     0001H     ABSOLUTE     
            XDATA   E683H     0001H     ABSOLUTE     
            XDATA   E684H     0001H     ABSOLUTE     
            XDATA   E685H     0001H     ABSOLUTE     
            XDATA   E686H     0001H     ABSOLUTE     
            XDATA   E687H     0001H     ABSOLUTE     
                    E688H     0002H                  *** GAP ***
            XDATA   E68AH     0001H     ABSOLUTE     
            XDATA   E68BH     0001H     ABSOLUTE     
                    E68CH     0001H                  *** GAP ***
            XDATA   E68DH     0001H     ABSOLUTE     
                    E68EH     0001H                  *** GAP ***
            XDATA   E68FH     0001H     ABSOLUTE     
            XDATA   E690H     0001H     ABSOLUTE     
            XDATA   E691H     0001H     ABSOLUTE     
                    E692H     0002H                  *** GAP ***
            XDATA   E694H     0001H     ABSOLUTE     
            XDATA   E695H     0001H     ABSOLUTE     
                    E696H     0002H                  *** GAP ***
            XDATA   E698H     0001H     ABSOLUTE     
BL51 BANKED LINKER/LOCATER V6.22                                                      07/08/2017  17:20:26  PAGE 4


            XDATA   E699H     0001H     ABSOLUTE     
                    E69AH     0002H                  *** GAP ***
            XDATA   E69CH     0001H     ABSOLUTE     
            XDATA   E69DH     0001H     ABSOLUTE     
                    E69EH     0002H                  *** GAP ***
            XDATA   E6A0H     0001H     ABSOLUTE     
            XDATA   E6A1H     0001H     ABSOLUTE     
            XDATA   E6A2H     0001H     ABSOLUTE     
            XDATA   E6A3H     0001H     ABSOLUTE     
            XDATA   E6A4H     0001H     ABSOLUTE     
            XDATA   E6A5H     0001H     ABSOLUTE     
            XDATA   E6A6H     0001H     ABSOLUTE     
            XDATA   E6A7H     0001H     ABSOLUTE     
            XDATA   E6A8H     0001H     ABSOLUTE     
            XDATA   E6A9H     0001H     ABSOLUTE     
            XDATA   E6AAH     0001H     ABSOLUTE     
            XDATA   E6ABH     0001H     ABSOLUTE     
            XDATA   E6ACH     0001H     ABSOLUTE     
            XDATA   E6ADH     0001H     ABSOLUTE     
            XDATA   E6AEH     0001H     ABSOLUTE     
            XDATA   E6AFH     0001H     ABSOLUTE     
            XDATA   E6B0H     0001H     ABSOLUTE     
            XDATA   E6B1H     0001H     ABSOLUTE     
            XDATA   E6B2H     0001H     ABSOLUTE     
            XDATA   E6B3H     0001H     ABSOLUTE     
            XDATA   E6B4H     0001H     ABSOLUTE     
            XDATA   E6B5H     0001H     ABSOLUTE     
                    E6B6H     0002H                  *** GAP ***
            XDATA   E6B8H     0008H     ABSOLUTE     
            XDATA   E6C0H     0001H     ABSOLUTE     
            XDATA   E6C1H     0001H     ABSOLUTE     
            XDATA   E6C2H     0001H     ABSOLUTE     
            XDATA   E6C3H     0001H     ABSOLUTE     
            XDATA   E6C4H     0001H     ABSOLUTE     
            XDATA   E6C5H     0001H     ABSOLUTE     
            XDATA   E6C6H     0001H     ABSOLUTE     
            XDATA   E6C7H     0001H     ABSOLUTE     
            XDATA   E6C8H     0001H     ABSOLUTE     
            XDATA   E6C9H     0001H     ABSOLUTE     
            XDATA   E6CAH     0001H     ABSOLUTE     
            XDATA   E6CBH     0001H     ABSOLUTE     
            XDATA   E6CCH     0001H     ABSOLUTE     
            XDATA   E6CDH     0001H     ABSOLUTE     
            XDATA   E6CEH     0001H     ABSOLUTE     
            XDATA   E6CFH     0001H     ABSOLUTE     
            XDATA   E6D0H     0001H     ABSOLUTE     
            XDATA   E6D1H     0001H     ABSOLUTE     
            XDATA   E6D2H     0001H     ABSOLUTE     
            XDATA   E6D3H     0001H     ABSOLUTE     
            XDATA   E6D4H     0001H     ABSOLUTE     
                    E6D5H     0005H                  *** GAP ***
            XDATA   E6DAH     0001H     ABSOLUTE     
            XDATA   E6DBH     0001H     ABSOLUTE     
            XDATA   E6DCH     0001H     ABSOLUTE     
                    E6DDH     0005H                  *** GAP ***
            XDATA   E6E2H     0001H     ABSOLUTE     
            XDATA   E6E3H     0001H     ABSOLUTE     
BL51 BANKED LINKER/LOCATER V6.22                                                      07/08/2017  17:20:26  PAGE 5


            XDATA   E6E4H     0001H     ABSOLUTE     
                    E6E5H     0005H                  *** GAP ***
            XDATA   E6EAH     0001H     ABSOLUTE     
            XDATA   E6EBH     0001H     ABSOLUTE     
            XDATA   E6ECH     0001H     ABSOLUTE     
                    E6EDH     0003H                  *** GAP ***
            XDATA   E6F0H     0001H     ABSOLUTE     
            XDATA   E6F1H     0001H     ABSOLUTE     
            XDATA   E6F2H     0001H     ABSOLUTE     
            XDATA   E6F3H     0001H     ABSOLUTE     
            XDATA   E6F4H     0001H     ABSOLUTE     
            XDATA   E6F5H     0001H     ABSOLUTE     
                    E6F6H     0002H                  *** GAP ***
            XDATA   E6F8H     0001H     ABSOLUTE     
            XDATA   E6F9H     0001H     ABSOLUTE     
            XDATA   E6FAH     0001H     ABSOLUTE     
            XDATA   E6FBH     0001H     ABSOLUTE     
            XDATA   E6FCH     0001H     ABSOLUTE     
            XDATA   E6FDH     0001H     ABSOLUTE     
            XDATA   E6FEH     0001H     ABSOLUTE     
                    E6FFH     0041H                  *** GAP ***
            XDATA   E740H     0040H     ABSOLUTE     
            XDATA   E780H     0040H     ABSOLUTE     
            XDATA   E7C0H     0040H     ABSOLUTE     
                    E800H     0800H                  *** GAP ***
            XDATA   F000H     0400H     ABSOLUTE     
            XDATA   F400H     0400H     ABSOLUTE     
            XDATA   F800H     0400H     ABSOLUTE     
            XDATA   FC00H     0400H     ABSOLUTE     

            * * * * * * *   C O D E   M E M O R Y   * * * * * * *
            CODE    0000H     0003H     ABSOLUTE     
            CODE    0003H     0020H     UNIT         ?PR?SSD1306_DRAW?SSD1306
            CODE    0023H     0003H     ABSOLUTE     
            CODE    0026H     0620H     UNIT         ?CO?SSD1306
            CODE    0646H     0275H     UNIT         ?CO?DEV_IO
            CODE    08BBH     01E9H     UNIT         ?C?LIB_CODE
            CODE    0AA4H     01B3H     UNIT         ?PR?MAIN?DEV_IO
            CODE    0C57H     012DH     UNIT         ?PR?_SSD1306_PRINTF?SSD1306
            CODE    0D84H     008CH     UNIT         ?C_C51STARTUP
            CODE    0E10H     007EH     UNIT         ?PR?SSD1306_INITALIZE?SSD1306
            CODE    0E8EH     006CH     UNIT         ?PR?ABC1SHOW?ESP8266
            CODE    0EFAH     0067H     UNIT         ?PR?_MQTTPACKET_ENCODE?MQTTPACKET
            CODE    0F61H     004EH     UNIT         ?PR?ABCSHOW?ESP8266
            CODE    0FAFH     003AH     UNIT         ?PR?LEDKEYTEST?LED_KEY
            CODE    0FE9H     0038H     UNIT         ?PR?_SSD1306_PRINTCHAR?SSD1306
            CODE    1021H     0037H     UNIT         ?PR?_SERIAL0_SENDSTRING?ESP8266
            CODE    1058H     0037H     UNIT         ?PR?_SERIAL0_SENDSTRING1?ESP8266
            CODE    108FH     0033H     UNIT         ?PR?ISR_USART0?ESP8266
            CODE    10C2H     0030H     UNIT         ?PR?SSD1306_CLEAR?SSD1306
            CODE    10F2H     0029H     UNIT         ?PR?LEDFLOW?LED_KEY
            CODE    111BH     0029H     UNIT         ?PR?LEDFLOWREV?LED_KEY
            CODE    1144H     0028H     UNIT         ?PR?_I2CSEND?IIC_COMM
            CODE    116CH     0025H     UNIT         ?PR?_SERIAL0_SENDINT?ESP8266
            CODE    1191H     001DH     UNIT         ?PR?DELAY1MS?LED_KEY
            CODE    11AEH     001CH     UNIT         ?PR?I2CREAD?IIC_COMM
            CODE    11CAH     001BH     UNIT         ?PR?SCANKEY?LED_KEY
BL51 BANKED LINKER/LOCATER V6.22                                                      07/08/2017  17:20:26  PAGE 6


            CODE    11E5H     0019H     UNIT         ?PR?SERIAL0_INIT?ESP8266
            CODE    11FEH     0018H     UNIT         ?PR?_WRITECOMMAND?SSD1306
            CODE    1216H     0018H     UNIT         ?PR?_WRITEDATA?SSD1306
            CODE    122EH     0015H     UNIT         ?PR?LEDFLASH?LED_KEY
            CODE    1243H     0015H     UNIT         ?PR?_STRLEN?STRLEN
            CODE    1258H     0014H     UNIT         ?PR?_DELAY?LED_KEY
            CODE    126CH     000AH     UNIT         ?C_INITSEG
            CODE    1276H     0009H     UNIT         ?PR?I2CRESTART?IIC_COMM
            CODE    127FH     0009H     UNIT         ?PR?I2CSTOP?IIC_COMM
            CODE    1288H     0009H     UNIT         ?PR?I2CACK?IIC_COMM
            CODE    1291H     0009H     UNIT         ?PR?I2CNAK?IIC_COMM
            CODE    129AH     0008H     UNIT         ?PR?_SERIAL0_SENDCHAR?ESP8266
            CODE    12A2H     0006H     UNIT         ?PR?I2CSTART?IIC_COMM
            CODE    12A8H     0005H     UNIT         ?PR?I2CINIT?IIC_COMM
            CODE    12ADH     0004H     UNIT         ?PR?SETUPPORTE?LED_KEY
            CODE    12B1H     0001H     UNIT         ?PR?MQTT_CONNET?MQTTPACKET



OVERLAY MAP OF MODULE:   dev_io (DEV_IO)


SEGMENT                                     DATA_GROUP 
  +--> CALLED SEGMENT                     START    LENGTH
---------------------------------------------------------
?PR?ISR_USART0?ESP8266                    004FH    0003H

*** NEW ROOT ***************************************************

?C_C51STARTUP                             -----    -----
  +--> ?PR?MAIN?DEV_IO
  +--> ?C_INITSEG

?PR?MAIN?DEV_IO                           0052H    0006H
  +--> ?CO?DEV_IO
  +--> ?PR?_DELAY?LED_KEY
  +--> ?PR?LEDFLASH?LED_KEY
  +--> ?PR?I2CINIT?IIC_COMM
  +--> ?PR?SSD1306_INITALIZE?SSD1306
  +--> ?PR?SSD1306_CLEAR?SSD1306
  +--> ?PR?_SSD1306_PRINTF?SSD1306
  +--> ?PR?SERIAL0_INIT?ESP8266
  +--> ?PR?_SERIAL0_SENDSTRING?ESP8266
  +--> ?PR?_SERIAL0_SENDCHAR?ESP8266
  +--> ?PR?ABCSHOW?ESP8266

?PR?_DELAY?LED_KEY                        -----    -----
  +--> ?PR?DELAY1MS?LED_KEY

?PR?LEDFLASH?LED_KEY                      -----    -----
  +--> ?PR?_DELAY?LED_KEY

?PR?SSD1306_INITALIZE?SSD1306             -----    -----
  +--> ?PR?_WRITECOMMAND?SSD1306

?PR?_WRITECOMMAND?SSD1306                 005FH    0001H
  +--> ?PR?I2CSTART?IIC_COMM
BL51 BANKED LINKER/LOCATER V6.22                                                      07/08/2017  17:20:26  PAGE 7


  +--> ?PR?_I2CSEND?IIC_COMM
  +--> ?PR?I2CSTOP?IIC_COMM

?PR?SSD1306_CLEAR?SSD1306                 005BH    0002H
  +--> ?PR?_WRITECOMMAND?SSD1306
  +--> ?PR?_WRITEDATA?SSD1306

?PR?_WRITEDATA?SSD1306                    005FH    0001H
  +--> ?PR?I2CSTART?IIC_COMM
  +--> ?PR?_I2CSEND?IIC_COMM
  +--> ?PR?I2CSTOP?IIC_COMM

?PR?_SSD1306_PRINTF?SSD1306               0058H    0007H
  +--> ?PR?_WRITECOMMAND?SSD1306
  +--> ?PR?_STRLEN?STRLEN
  +--> ?CO?SSD1306
  +--> ?PR?_WRITEDATA?SSD1306

?PR?_SERIAL0_SENDSTRING?ESP8266           0058H    0004H
  +--> ?PR?_STRLEN?STRLEN
  +--> ?PR?_SERIAL0_SENDCHAR?ESP8266

?PR?ABCSHOW?ESP8266                       0058H    0003H
  +--> ?PR?SSD1306_CLEAR?SSD1306
  +--> ?PR?_WRITECOMMAND?SSD1306
  +--> ?PR?_SSD1306_PRINTCHAR?SSD1306

?PR?_SSD1306_PRINTCHAR?SSD1306            005BH    0002H
  +--> ?CO?SSD1306
  +--> ?PR?_WRITEDATA?SSD1306



SYMBOL TABLE OF MODULE:  dev_io (DEV_IO)

  VALUE           TYPE          NAME
  ----------------------------------

  -------         MODULE        DEV_IO
  C:0000H         SYMBOL        _ICE_DUMMY_
  D:0072H         PUBLIC        Lig
  C:07FAH         PUBLIC        Subs
  C:0AA4H         PUBLIC        main
  D:0073H         PUBLIC        CountineCheck
  C:08B7H         SYMBOL        _?ix1000
  C:08B9H         SYMBOL        _?ix1001
  B:00B0H.5       PUBLIC        PD5
  B:00B0H.7       PUBLIC        PD7
  C:0775H         PUBLIC        Connect
  D:00B3H         PUBLIC        OEB
  D:00B5H         PUBLIC        OED
  D:00B6H         PUBLIC        OEE
  C:085AH         PUBLIC        Publish
  C:0767H         PUBLIC        at_mode
  -------         PROC          MAIN
  -------         DO            
  D:0052H         SYMBOL        len
BL51 BANKED LINKER/LOCATER V6.22                                                      07/08/2017  17:20:26  PAGE 8


  D:0054H         SYMBOL        header
  D:0056H         SYMBOL        flags
  C:0B08H         SYMBOL        Restart
  C:0B50H         SYMBOL        Reconnect
  -------         ENDDO         
  C:0AA4H         LINE#         50
  C:0AA4H         LINE#         51
  C:0AA4H         LINE#         59
  C:0AA9H         LINE#         60
  C:0ABEH         LINE#         61
  C:0AD5H         LINE#         63
  C:0AD8H         LINE#         64
  C:0ADBH         LINE#         65
  C:0ADEH         LINE#         66
  C:0AE5H         LINE#         67
  C:0AE7H         LINE#         68
  C:0AE9H         LINE#         69
  C:0AECH         LINE#         71
  C:0AEFH         LINE#         73
  C:0AF2H         LINE#         74
  C:0AF5H         LINE#         75
  C:0AFEH         LINE#         76
  C:0B05H         LINE#         78
  C:0B08H         LINE#         79
  C:0B08H         LINE#         80
  C:0B11H         LINE#         81
  C:0B18H         LINE#         83
  C:0B1BH         LINE#         84
  C:0B1EH         LINE#         85
  C:0B27H         LINE#         86
  C:0B30H         LINE#         87
  C:0B35H         LINE#         88
  C:0B3AH         LINE#         89
  C:0B3FH         LINE#         90
  C:0B46H         LINE#         91
  C:0B49H         LINE#         92
  C:0B50H         LINE#         94
  C:0B50H         LINE#         95
  C:0B53H         LINE#         96
  C:0B56H         LINE#         97
  C:0B5FH         LINE#         98
  C:0B62H         LINE#         99
  C:0B6BH         LINE#         100
  C:0B70H         LINE#         101
  C:0B75H         LINE#         102
  C:0B7AH         LINE#         103
  C:0B81H         LINE#         105
  C:0B8BH         LINE#         110
  C:0B8EH         LINE#         111
  C:0B91H         LINE#         112
  C:0B9AH         LINE#         113
  C:0BA1H         LINE#         115
  C:0BAAH         LINE#         116
  C:0BAFH         LINE#         117
  C:0BB4H         LINE#         118
  C:0BB9H         LINE#         119
  C:0BC0H         LINE#         120
BL51 BANKED LINKER/LOCATER V6.22                                                      07/08/2017  17:20:26  PAGE 9


  C:0BC3H         LINE#         121
  C:0BC6H         LINE#         123
  C:0BCFH         LINE#         124
  C:0BD4H         LINE#         125
  C:0BD9H         LINE#         126
  C:0BDEH         LINE#         127
  C:0BE5H         LINE#         128
  C:0BF1H         LINE#         130
  C:0BF4H         LINE#         132
  C:0BFBH         LINE#         140
  C:0BFEH         LINE#         141
  C:0C01H         LINE#         142
  C:0C04H         LINE#         143
  C:0C0DH         LINE#         144
  C:0C0DH         LINE#         145
  C:0C14H         LINE#         146
  C:0C1AH         LINE#         147
  C:0C1AH         LINE#         149
  C:0C20H         LINE#         150
  C:0C20H         LINE#         151
  C:0C25H         LINE#         152
  C:0C28H         LINE#         153
  C:0C2BH         LINE#         154
  C:0C2FH         LINE#         155
  C:0C3AH         LINE#         157
  C:0C43H         LINE#         158
  C:0C43H         LINE#         159
  C:0C47H         LINE#         160
  C:0C47H         LINE#         161
  C:0C4EH         LINE#         162
  C:0C51H         LINE#         163
  C:0C51H         LINE#         164
  C:0C51H         LINE#         165
  C:0C54H         LINE#         166
  -------         ENDPROC       MAIN
  -------         ENDMOD        DEV_IO

  -------         MODULE        LED_KEY
  C:0000H         SYMBOL        _ICE_DUMMY_
  C:12ADH         PUBLIC        SetupPortE
  C:1191H         PUBLIC        Delay1ms
  C:111BH         PUBLIC        LEDFlowRev
  C:0FAFH         PUBLIC        LEDKeyTest
  C:11CAH         PUBLIC        ScanKey
  C:122EH         PUBLIC        LEDFlash
  D:00B6H         PUBLIC        OEE
  D:00B1H         PUBLIC        IOE
  C:10F2H         PUBLIC        LEDFlow
  C:1258H         PUBLIC        _Delay
  -------         PROC          SETUPPORTE
  C:12ADH         LINE#         4
  C:12ADH         LINE#         5
  C:12ADH         LINE#         6
  C:12B0H         LINE#         7
  -------         ENDPROC       SETUPPORTE
  -------         PROC          DELAY1MS
  -------         DO            
BL51 BANKED LINKER/LOCATER V6.22                                                      07/08/2017  17:20:26  PAGE 10


  D:0004H         SYMBOL        j
  D:0006H         SYMBOL        i
  -------         ENDDO         
  C:1191H         LINE#         9
  C:1191H         LINE#         10
  C:1191H         LINE#         13
  C:1194H         LINE#         14
  C:1194H         LINE#         15
  C:11A2H         LINE#         16
  C:11ADH         LINE#         17
  -------         ENDPROC       DELAY1MS
  -------         PROC          _DELAY
  D:0002H         SYMBOL        ms
  C:1258H         LINE#         19
  C:125CH         LINE#         20
  C:125CH         LINE#         21
  C:126BH         LINE#         22
  -------         ENDPROC       _DELAY
  -------         PROC          SCANKEY
  C:11CAH         LINE#         23
  C:11CAH         LINE#         24
  C:11CAH         LINE#         25
  C:11CFH         LINE#         26
  C:11D2H         LINE#         27
  C:11D7H         LINE#         28
  C:11DAH         LINE#         29
  C:11DFH         LINE#         30
  C:11E2H         LINE#         31
  C:11E4H         LINE#         32
  -------         ENDPROC       SCANKEY
  -------         PROC          LEDFLOW
  C:10F2H         LINE#         33
  C:10F2H         LINE#         34
  C:10F2H         LINE#         35
  C:10F5H         LINE#         36
  C:10FCH         LINE#         37
  C:10FFH         LINE#         38
  C:1106H         LINE#         39
  C:1109H         LINE#         40
  C:1110H         LINE#         41
  C:1113H         LINE#         42
  C:111AH         LINE#         43
  -------         ENDPROC       LEDFLOW
  -------         PROC          LEDFLOWREV
  C:111BH         LINE#         45
  C:111BH         LINE#         46
  C:111BH         LINE#         47
  C:111EH         LINE#         48
  C:1125H         LINE#         49
  C:1128H         LINE#         50
  C:112FH         LINE#         51
  C:1132H         LINE#         52
  C:1139H         LINE#         53
  C:113CH         LINE#         54
  C:1143H         LINE#         55
  -------         ENDPROC       LEDFLOWREV
  -------         PROC          LEDFLASH
BL51 BANKED LINKER/LOCATER V6.22                                                      07/08/2017  17:20:26  PAGE 11


  C:122EH         LINE#         57
  C:122EH         LINE#         58
  C:122EH         LINE#         59
  C:1231H         LINE#         60
  C:1238H         LINE#         61
  C:123BH         LINE#         62
  C:1242H         LINE#         63
  -------         ENDPROC       LEDFLASH
  -------         PROC          LEDKEYTEST
  -------         DO            
  D:0001H         SYMBOL        flag
  -------         ENDDO         
  C:0FAFH         LINE#         65
  C:0FAFH         LINE#         66
  C:0FAFH         LINE#         67
  C:0FB1H         LINE#         68
  C:0FB4H         LINE#         69
  C:0FB4H         LINE#         70
  C:0FB4H         LINE#         71
  C:0FC1H         LINE#         72
  C:0FC5H         LINE#         73
  C:0FC9H         LINE#         74
  C:0FCBH         LINE#         75
  C:0FCBH         LINE#         77
  C:0FD7H         LINE#         78
  C:0FD7H         LINE#         79
  C:0FD7H         LINE#         80
  C:0FDAH         LINE#         81
  C:0FDCH         LINE#         82
  C:0FDCH         LINE#         83
  C:0FDFH         LINE#         84
  C:0FE1H         LINE#         85
  C:0FE1H         LINE#         86
  C:0FE4H         LINE#         87
  C:0FE6H         LINE#         88
  C:0FE6H         LINE#         89
  -------         ENDPROC       LEDKEYTEST
  -------         ENDMOD        LED_KEY

  -------         MODULE        IIC_COMM
  C:0000H         SYMBOL        _ICE_DUMMY_
  C:1276H         PUBLIC        I2CRestart
  C:11AEH         PUBLIC        I2CRead
  B:0090H.0       PUBLIC        PB0
  B:0090H.1       PUBLIC        PB1
  C:1144H         PUBLIC        _I2CSend
  C:1288H         PUBLIC        I2CAck
  C:12A2H         PUBLIC        I2CStart
  C:12A8H         PUBLIC        I2CInit
  C:1291H         PUBLIC        I2CNak
  C:127FH         PUBLIC        I2CStop
  -------         PROC          I2CINIT
  C:12A8H         LINE#         6
  C:12A8H         LINE#         7
  C:12A8H         LINE#         8
  C:12AAH         LINE#         9
  C:12ACH         LINE#         10
BL51 BANKED LINKER/LOCATER V6.22                                                      07/08/2017  17:20:26  PAGE 12


  -------         ENDPROC       I2CINIT
  -------         PROC          I2CSTART
  C:12A2H         LINE#         12
  C:12A2H         LINE#         13
  C:12A2H         LINE#         14
  C:12A4H         LINE#         15
  C:12A5H         LINE#         16
  C:12A7H         LINE#         17
  -------         ENDPROC       I2CSTART
  -------         PROC          I2CRESTART
  C:1276H         LINE#         19
  C:1276H         LINE#         20
  C:1276H         LINE#         22
  C:1278H         LINE#         23
  C:127AH         LINE#         24
  C:127CH         LINE#         25
  C:127EH         LINE#         26
  -------         ENDPROC       I2CRESTART
  -------         PROC          I2CSTOP
  C:127FH         LINE#         28
  C:127FH         LINE#         29
  C:127FH         LINE#         30
  C:1281H         LINE#         31
  C:1283H         LINE#         32
  C:1285H         LINE#         33
  C:1287H         LINE#         34
  -------         ENDPROC       I2CSTOP
  -------         PROC          I2CACK
  C:1288H         LINE#         36
  C:1288H         LINE#         37
  C:1288H         LINE#         38
  C:128AH         LINE#         39
  C:128CH         LINE#         40
  C:128EH         LINE#         41
  C:1290H         LINE#         42
  -------         ENDPROC       I2CACK
  -------         PROC          I2CNAK
  C:1291H         LINE#         44
  C:1291H         LINE#         45
  C:1291H         LINE#         46
  C:1293H         LINE#         47
  C:1295H         LINE#         48
  C:1297H         LINE#         49
  C:1299H         LINE#         50
  -------         ENDPROC       I2CNAK
  -------         PROC          _I2CSEND
  D:0007H         SYMBOL        Data
  -------         DO            
  D:0006H         SYMBOL        i
  D:0007H         SYMBOL        ack_bit
  -------         ENDDO         
  C:1144H         LINE#         52
  C:1144H         LINE#         53
  C:1144H         LINE#         55
  C:1146H         LINE#         56
  C:114AH         LINE#         57
  C:114EH         LINE#         59
BL51 BANKED LINKER/LOCATER V6.22                                                      07/08/2017  17:20:26  PAGE 13


  C:1150H         LINE#         60
  C:1152H         LINE#         61
  C:1153H         LINE#         62
  C:1154H         LINE#         63
  C:1155H         LINE#         64
  C:1157H         LINE#         65
  C:115BH         LINE#         66
  C:115FH         LINE#         67
  C:1161H         LINE#         68
  C:1163H         LINE#         69
  C:1164H         LINE#         70
  C:1169H         LINE#         71
  C:116BH         LINE#         73
  C:116BH         LINE#         74
  -------         ENDPROC       _I2CSEND
  -------         PROC          I2CREAD
  -------         DO            
  D:0006H         SYMBOL        i
  D:0007H         SYMBOL        Data
  -------         ENDDO         
  C:11AEH         LINE#         75
  C:11AEH         LINE#         76
  C:11AEH         LINE#         77
  C:11B0H         LINE#         78
  C:11B1H         LINE#         79
  C:11B3H         LINE#         80
  C:11B6H         LINE#         81
  C:11B9H         LINE#         82
  C:11BFH         LINE#         83
  C:11C3H         LINE#         84
  C:11C5H         LINE#         85
  C:11C9H         LINE#         86
  C:11C9H         LINE#         87
  -------         ENDPROC       I2CREAD
  -------         ENDMOD        IIC_COMM

  -------         MODULE        ESP8266
  C:0000H         SYMBOL        _ICE_DUMMY_
  C:129AH         PUBLIC        _Serial0_SendChar
  B:00A8H.7       PUBLIC        EA
  D:0008H         PUBLIC        temp_dataT
  C:0F61H         PUBLIC        ABCshow
  C:11E5H         PUBLIC        Serial0_Init
  C:108FH         PUBLIC        ISR_USART0
  B:0098H.0       PUBLIC        RI
  C:0E8EH         PUBLIC        ABC1Show
  B:0098H.1       PUBLIC        TI
  D:004EH         PUBLIC        count
  C:116CH         PUBLIC        _Serial0_SendInt
  C:1058H         PUBLIC        _Serial0_SendString1
  D:0087H         PUBLIC        PCON
  B:00A8H.4       PUBLIC        ES0
  B:0088H.4       PUBLIC        TR0
  D:0099H         PUBLIC        SBUF0
  D:0098H         PUBLIC        SCON0
  C:1021H         PUBLIC        _Serial0_SendString
  -------         PROC          SERIAL0_INIT
BL51 BANKED LINKER/LOCATER V6.22                                                      07/08/2017  17:20:26  PAGE 14


  C:11E5H         LINE#         13
  C:11E5H         LINE#         14
  C:11E5H         LINE#         15
  C:11EBH         LINE#         16
  C:11F1H         LINE#         17
  C:11F4H         LINE#         18
  C:11F7H         LINE#         19
  C:11F9H         LINE#         20
  C:11FBH         LINE#         21
  C:11FDH         LINE#         27
  -------         ENDPROC       SERIAL0_INIT
  -------         PROC          _SERIAL0_SENDSTRING
  D:0058H         SYMBOL        temp
  -------         DO            
  D:005BH         SYMBOL        i
  -------         ENDDO         
  C:1021H         LINE#         29
  C:1027H         LINE#         30
  C:1027H         LINE#         32
  C:1040H         LINE#         33
  C:1040H         LINE#         34
  C:1053H         LINE#         35
  C:1057H         LINE#         36
  -------         ENDPROC       _SERIAL0_SENDSTRING
  -------         PROC          _SERIAL0_SENDSTRING1
  D:0068H         SYMBOL        temp
  -------         DO            
  D:006BH         SYMBOL        i
  -------         ENDDO         
  C:1058H         LINE#         38
  C:105EH         LINE#         39
  C:105EH         LINE#         41
  C:1077H         LINE#         42
  C:1077H         LINE#         43
  C:108AH         LINE#         44
  C:108EH         LINE#         45
  -------         ENDPROC       _SERIAL0_SENDSTRING1
  -------         PROC          ABC1SHOW
  -------         DO            
  D:006CH         SYMBOL        h
  D:006DH         SYMBOL        l
  D:006EH         SYMBOL        i
  -------         ENDDO         
  C:0E8EH         LINE#         47
  C:0E8EH         LINE#         48
  C:0E8EH         LINE#         50
  C:0E91H         LINE#         51
  C:0E96H         LINE#         52
  C:0E9BH         LINE#         53
  C:0EA0H         LINE#         54
  C:0EA5H         LINE#         56
  C:0EAFH         LINE#         57
  C:0EAFH         LINE#         58
  C:0EBBH         LINE#         59
  C:0EC0H         LINE#         60
  C:0EC7H         LINE#         61
  C:0ED1H         LINE#         63
BL51 BANKED LINKER/LOCATER V6.22                                                      07/08/2017  17:20:26  PAGE 15


  C:0ED9H         LINE#         64
  C:0EE0H         LINE#         65
  C:0EEAH         LINE#         67
  C:0EF2H         LINE#         68
  C:0EF6H         LINE#         69
  C:0EF9H         LINE#         70
  -------         ENDPROC       ABC1SHOW
  -------         PROC          ABCSHOW
  -------         DO            
  D:0058H         SYMBOL        h
  D:0059H         SYMBOL        l
  D:005AH         SYMBOL        i
  -------         ENDDO         
  C:0F61H         LINE#         72
  C:0F61H         LINE#         73
  C:0F61H         LINE#         75
  C:0F64H         LINE#         76
  C:0F69H         LINE#         77
  C:0F6EH         LINE#         78
  C:0F73H         LINE#         79
  C:0F78H         LINE#         81
  C:0F82H         LINE#         82
  C:0F82H         LINE#         83
  C:0F96H         LINE#         84
  C:0F9DH         LINE#         86
  C:0FA7H         LINE#         87
  C:0FABH         LINE#         102
  C:0FAEH         LINE#         103
  -------         ENDPROC       ABCSHOW
  -------         PROC          _SERIAL0_SENDINT
  D:0002H         SYMBOL        source
  C:116CH         LINE#         104
  C:1170H         LINE#         105
  C:1170H         LINE#         106
  C:1179H         LINE#         107
  C:117CH         LINE#         108
  C:117EH         LINE#         109
  C:118BH         LINE#         110
  C:118EH         LINE#         111
  C:1190H         LINE#         112
  -------         ENDPROC       _SERIAL0_SENDINT
  -------         PROC          _SERIAL0_SENDCHAR
  D:0007H         SYMBOL        source
  C:129AH         LINE#         114
  C:129AH         LINE#         115
  C:129AH         LINE#         116
  C:129CH         LINE#         117
  C:129FH         LINE#         118
  C:12A1H         LINE#         119
  -------         ENDPROC       _SERIAL0_SENDCHAR
  -------         PROC          ISR_USART0
  -------         DO            
  D:004FH         SYMBOL        temp_data
  D:0050H         SYMBOL        h
  D:0051H         SYMBOL        l
  -------         ENDDO         
  C:108FH         LINE#         120
BL51 BANKED LINKER/LOCATER V6.22                                                      07/08/2017  17:20:26  PAGE 16


  C:1098H         LINE#         123
  C:109BH         LINE#         124
  C:109BH         LINE#         125
  C:109DH         LINE#         127
  C:10A4H         LINE#         128
  C:10A4H         LINE#         129
  C:10ABH         LINE#         130
  C:10ADH         LINE#         131
  C:10B6H         LINE#         132
  C:10B8H         LINE#         134
  C:10B8H         LINE#         135
  C:10BBH         LINE#         136
  C:10BBH         LINE#         144
  C:10BBH         LINE#         145
  -------         ENDPROC       ISR_USART0
  -------         ENDMOD        ESP8266

  -------         MODULE        SSD1306
  C:0000H         SYMBOL        _ICE_DUMMY_
  C:10C2H         PUBLIC        ssd1306_clear
  C:0C57H         PUBLIC        _ssd1306_printf
  C:0026H         PUBLIC        au8Font8x8
  C:0003H         PUBLIC        ssd1306_draw
  C:1216H         PUBLIC        _writeData
  D:006FH         PUBLIC        m_pFramebuffer
  C:0E10H         PUBLIC        ssd1306_initalize
  C:0FE9H         PUBLIC        _ssd1306_printchar
  C:11FEH         PUBLIC        _writeCommand
  -------         PROC          _WRITECOMMAND
  D:005FH         SYMBOL        cmd
  C:11FEH         LINE#         115
  C:1200H         LINE#         116
  C:1200H         LINE#         117
  C:1203H         LINE#         118
  C:1208H         LINE#         119
  C:120DH         LINE#         120
  C:1212H         LINE#         121
  C:1215H         LINE#         122
  -------         ENDPROC       _WRITECOMMAND
  -------         PROC          _WRITEDATA
  D:005FH         SYMBOL        cmd
  C:1216H         LINE#         124
  C:1218H         LINE#         125
  C:1218H         LINE#         126
  C:121BH         LINE#         127
  C:1220H         LINE#         128
  C:1225H         LINE#         129
  C:122AH         LINE#         130
  C:122DH         LINE#         131
  -------         ENDPROC       _WRITEDATA
  -------         PROC          SSD1306_INITALIZE
  C:0E10H         LINE#         132
  C:0E10H         LINE#         133
  C:0E10H         LINE#         141
  C:0E15H         LINE#         142
  C:0E1AH         LINE#         143
  C:0E1FH         LINE#         144
BL51 BANKED LINKER/LOCATER V6.22                                                      07/08/2017  17:20:26  PAGE 17


  C:0E24H         LINE#         145
  C:0E29H         LINE#         146
  C:0E2EH         LINE#         147
  C:0E33H         LINE#         148
  C:0E38H         LINE#         149
  C:0E3DH         LINE#         150
  C:0E42H         LINE#         151
  C:0E47H         LINE#         152
  C:0E4CH         LINE#         153
  C:0E51H         LINE#         154
  C:0E56H         LINE#         155
  C:0E5BH         LINE#         156
  C:0E60H         LINE#         157
  C:0E65H         LINE#         158
  C:0E6AH         LINE#         159
  C:0E6FH         LINE#         160
  C:0E74H         LINE#         161
  C:0E79H         LINE#         162
  C:0E7EH         LINE#         163
  C:0E83H         LINE#         164
  C:0E88H         LINE#         165
  C:0E8DH         LINE#         168
  -------         ENDPROC       SSD1306_INITALIZE
  -------         PROC          SSD1306_CLEAR
  -------         DO            
  D:005BH         SYMBOL        i
  -------         ENDDO         
  C:10C2H         LINE#         170
  C:10C2H         LINE#         171
  C:10C2H         LINE#         174
  C:10C7H         LINE#         175
  C:10CCH         LINE#         176
  C:10D1H         LINE#         177
  C:10D6H         LINE#         179
  C:10DBH         LINE#         180
  C:10DBH         LINE#         181
  C:10E0H         LINE#         182
  C:10F1H         LINE#         183
  -------         ENDPROC       SSD1306_CLEAR
  -------         PROC          _SSD1306_PRINTCHAR
  D:005BH         SYMBOL        dat
  -------         DO            
  D:005CH         SYMBOL        i
  -------         ENDDO         
  C:0FE9H         LINE#         185
  C:0FEBH         LINE#         186
  C:0FEBH         LINE#         188
  C:0FEEH         LINE#         189
  C:0FEEH         LINE#         190
  C:1017H         LINE#         191
  C:1020H         LINE#         192
  -------         ENDPROC       _SSD1306_PRINTCHAR
  -------         PROC          SSD1306_DRAW
  -------         DO            
  D:0006H         SYMBOL        i
  D:0074H         SYMBOL        j
  -------         ENDDO         
BL51 BANKED LINKER/LOCATER V6.22                                                      07/08/2017  17:20:26  PAGE 18


  C:0003H         LINE#         194
  C:0003H         LINE#         195
  C:0003H         LINE#         198
  C:0008H         LINE#         199
  C:000DH         LINE#         200
  C:0012H         LINE#         202
  C:0022H         LINE#         204
  -------         ENDPROC       SSD1306_DRAW
  -------         PROC          _SSD1306_PRINTF
  D:0058H         SYMBOL        dat
  -------         DO            
  D:005BH         SYMBOL        i
  D:005DH         SYMBOL        j
  -------         ENDDO         
  C:0C57H         LINE#         206
  C:0C5DH         LINE#         207
  C:0C5DH         LINE#         208
  C:0C62H         LINE#         209
  C:0C66H         LINE#         211
  C:0C6AH         LINE#         212
  C:0C6FH         LINE#         213
  C:0C74H         LINE#         214
  C:0C79H         LINE#         216
  C:0C99H         LINE#         217
  C:0C99H         LINE#         218
  C:0CB6H         LINE#         219
  C:0CBBH         LINE#         220
  C:0CECH         LINE#         222
  C:0CF1H         LINE#         223
  C:0D39H         LINE#         224
  C:0D44H         LINE#         225
  C:0D74H         LINE#         226
  C:0D83H         LINE#         227
  -------         ENDPROC       _SSD1306_PRINTF
  -------         ENDMOD        SSD1306

  -------         MODULE        EZREGS
  C:0000H         SYMBOL        _ICE_DUMMY_
  X:E652H         PUBLIC        EP4FIFOIE
  X:E668H         PUBLIC        INTSETUP
  X:E600H         PUBLIC        CPUCS
  X:E654H         PUBLIC        EP6FIFOIE
  X:E680H         PUBLIC        USBCS
  X:E65FH         PUBLIC        EPIRQ
  X:E656H         PUBLIC        EP8FIFOIE
  X:E6F2H         PUBLIC        XGPIFSGLDATLNOX
  X:E6C0H         PUBLIC        GPIFWFSELECT
  X:E6F0H         PUBLIC        XGPIFSGLDATH
  X:E605H         PUBLIC        BREAKPT
  X:E609H         PUBLIC        FIFOPINPOLAR
  X:E640H         PUBLIC        EP2ISOINPKTS
  X:E678H         PUBLIC        I2CS
  X:E610H         PUBLIC        EP1OUTCFG
  X:E6F9H         PUBLIC        TESTCFG
  X:E641H         PUBLIC        EP4ISOINPKTS
  X:E68AH         PUBLIC        EP0BCH
  X:E661H         PUBLIC        GPIFIRQ
BL51 BANKED LINKER/LOCATER V6.22                                                      07/08/2017  17:20:26  PAGE 19


  X:E642H         PUBLIC        EP6ISOINPKTS
  X:E690H         PUBLIC        EP2BCH
  X:E643H         PUBLIC        EP8ISOINPKTS
  X:E694H         PUBLIC        EP4BCH
  X:E68BH         PUBLIC        EP0BCL
  X:E612H         PUBLIC        EP2CFG
  X:E698H         PUBLIC        EP6BCH
  X:E691H         PUBLIC        EP2BCL
  X:E613H         PUBLIC        EP4CFG
  X:E6A7H         PUBLIC        EP2FIFOFLGS
  X:E69CH         PUBLIC        EP8BCH
  X:E695H         PUBLIC        EP4BCL
  X:E628H         PUBLIC        ECCCFG
  X:E614H         PUBLIC        EP6CFG
  X:E6A8H         PUBLIC        EP4FIFOFLGS
  X:E699H         PUBLIC        EP6BCL
  X:E780H         PUBLIC        EP1OUTBUF
  X:E67BH         PUBLIC        XAUTODAT1
  X:E615H         PUBLIC        EP8CFG
  X:E6A9H         PUBLIC        EP6FIFOFLGS
  X:E69DH         PUBLIC        EP8BCL
  X:E67CH         PUBLIC        XAUTODAT2
  X:E684H         PUBLIC        USBFRAMEH
  X:E6F5H         PUBLIC        GPIFABORT
  X:E6AAH         PUBLIC        EP8FIFOFLGS
  X:E6F8H         PUBLIC        DBUG
  X:E740H         PUBLIC        EP0BUF
  X:E6CBH         PUBLIC        FLOWSTB
  X:E65EH         PUBLIC        EPIE
  X:E685H         PUBLIC        USBFRAMEL
  X:E681H         PUBLIC        SUSPEND
  X:E60CH         PUBLIC        GPIFHOLDAMOUNT
  X:E6D4H         PUBLIC        EP2GPIFTRIG
  X:E6C7H         PUBLIC        FLOWLOGIC
  X:E6DCH         PUBLIC        EP4GPIFTRIG
  X:E604H         PUBLIC        FIFORESET
  X:E6E4H         PUBLIC        EP6GPIFTRIG
  X:E6C2H         PUBLIC        GPIFIDLECTL
  X:E6FAH         PUBLIC        USBTEST
  X:E6B3H         PUBLIC        SUDPTRH
  X:E6ECH         PUBLIC        EP8GPIFTRIG
  X:E6D2H         PUBLIC        EP2GPIFFLGSEL
  X:E611H         PUBLIC        EP1INCFG
  X:E6B4H         PUBLIC        SUDPTRL
  X:E687H         PUBLIC        FNADDR
  X:E6DAH         PUBLIC        EP4GPIFFLGSEL
  X:E6D1H         PUBLIC        GPIFTCB0
  X:E6CDH         PUBLIC        FLOWSTBHPERIOD
  X:E6D0H         PUBLIC        GPIFTCB1
  X:E665H         PUBLIC        CLRERRCNT
  X:E6E2H         PUBLIC        EP6GPIFFLGSEL
  X:E6CFH         PUBLIC        GPIFTCB2
  X:E664H         PUBLIC        ERRCNTLIM
  X:E6CEH         PUBLIC        GPIFTCB3
  X:E6EAH         PUBLIC        EP8GPIFFLGSEL
  X:E660H         PUBLIC        GPIFIE
  X:E67FH         PUBLIC        UDMACRCQUAL
BL51 BANKED LINKER/LOCATER V6.22                                                      07/08/2017  17:20:26  PAGE 20


  X:E400H         PUBLIC        GPIF_WAVE_DATA
  X:E6CCH         PUBLIC        FLOWSTBEDGE
  X:E6ABH         PUBLIC        EP2FIFOBCH
  X:E7C0H         PUBLIC        EP1INBUF
  X:E6C6H         PUBLIC        FLOWSTATE
  X:E6ADH         PUBLIC        EP4FIFOBCH
  X:E6CAH         PUBLIC        FLOWHOLDOFF
  X:E618H         PUBLIC        EP2FIFOCFG
  X:E6AFH         PUBLIC        EP6FIFOBCH
  X:E6ACH         PUBLIC        EP2FIFOBCL
  X:E619H         PUBLIC        EP4FIFOCFG
  X:E6B1H         PUBLIC        EP8FIFOBCH
  X:E6AEH         PUBLIC        EP4FIFOBCL
  X:E649H         PUBLIC        OUTPKTEND
  X:E663H         PUBLIC        USBERRIRQ
  X:E61AH         PUBLIC        EP6FIFOCFG
  X:E6B0H         PUBLIC        EP6FIFOBCL
  X:E620H         PUBLIC        EP2AUTOINLENH
  X:E61BH         PUBLIC        EP8FIFOCFG
  X:E6B2H         PUBLIC        EP8FIFOBCL
  X:E68DH         PUBLIC        EP1OUTBC
  X:E622H         PUBLIC        EP4AUTOINLENH
  X:E666H         PUBLIC        INT2IVEC
  X:E659H         PUBLIC        IBNIRQ
  X:E6FBH         PUBLIC        CT1
  X:E6C4H         PUBLIC        GPIFADRH
  X:E65BH         PUBLIC        NAKIRQ
  X:E624H         PUBLIC        EP6AUTOINLENH
  X:E621H         PUBLIC        EP2AUTOINLENL
  X:E601H         PUBLIC        IFCONFIG
  X:E6FCH         PUBLIC        CT2
  X:E6B5H         PUBLIC        SUDPTRCTL
  X:E667H         PUBLIC        INT4IVEC
  X:E6FDH         PUBLIC        CT3
  X:E67DH         PUBLIC        UDMACRCH
  X:E626H         PUBLIC        EP8AUTOINLENH
  X:E623H         PUBLIC        EP4AUTOINLENL
  X:E6FEH         PUBLIC        CT4
  X:F000H         PUBLIC        EP2FIFOBUF
  X:E6C5H         PUBLIC        GPIFADRL
  X:E625H         PUBLIC        EP6AUTOINLENL
  X:E630H         PUBLIC        EP2FIFOPFH
  X:F400H         PUBLIC        EP4FIFOBUF
  X:E67EH         PUBLIC        UDMACRCL
  X:E627H         PUBLIC        EP8AUTOINLENL
  X:E6D3H         PUBLIC        EP2GPIFPFSTOP
  X:E683H         PUBLIC        TOGCTL
  X:E632H         PUBLIC        EP4FIFOPFH
  X:F800H         PUBLIC        EP6FIFOBUF
  X:E629H         PUBLIC        ECCRESET
  X:E6DBH         PUBLIC        EP4GPIFPFSTOP
  X:E634H         PUBLIC        EP6FIFOPFH
  X:E631H         PUBLIC        EP2FIFOPFL
  X:FC00H         PUBLIC        EP8FIFOBUF
  X:E60BH         PUBLIC        REVCTL
  X:E6E3H         PUBLIC        EP6GPIFPFSTOP
  X:E636H         PUBLIC        EP8FIFOPFH
BL51 BANKED LINKER/LOCATER V6.22                                                      07/08/2017  17:20:26  PAGE 21


  X:E633H         PUBLIC        EP4FIFOPFL
  X:E608H         PUBLIC        UART230
  X:E480H         PUBLIC        RES_WAVEDATA_END
  X:E6EBH         PUBLIC        EP8GPIFPFSTOP
  X:E679H         PUBLIC        I2DAT
  X:E635H         PUBLIC        EP6FIFOPFL
  X:E6A1H         PUBLIC        EP1OUTCS
  X:E637H         PUBLIC        EP8FIFOPFL
  X:E65DH         PUBLIC        USBIRQ
  X:E670H         PUBLIC        PORTACFG
  X:E671H         PUBLIC        PORTCCFG
  X:E651H         PUBLIC        EP2FIFOIRQ
  X:E602H         PUBLIC        PINFLAGSAB
  X:E6A0H         PUBLIC        EP0CS
  X:E6F4H         PUBLIC        GPIFREADYSTAT
  X:E6C3H         PUBLIC        GPIFCTLCFG
  X:E672H         PUBLIC        PORTECFG
  X:E653H         PUBLIC        EP4FIFOIRQ
  X:E6C1H         PUBLIC        GPIFIDLECS
  X:E6A3H         PUBLIC        EP2CS
  X:E509H         PUBLIC        GPCR2
  X:E67AH         PUBLIC        I2CTL
  X:E655H         PUBLIC        EP6FIFOIRQ
  X:E603H         PUBLIC        PINFLAGSCD
  X:E6A4H         PUBLIC        EP4CS
  X:E648H         PUBLIC        INPKTEND
  X:E657H         PUBLIC        EP8FIFOIRQ
  X:E6A5H         PUBLIC        EP6CS
  X:E6A6H         PUBLIC        EP8CS
  X:E68FH         PUBLIC        EP1INBC
  X:E662H         PUBLIC        USBERRIE
  X:E6C8H         PUBLIC        FLOWEQ0CTL
  X:E6C9H         PUBLIC        FLOWEQ1CTL
  X:E682H         PUBLIC        WAKEUPCS
  X:E6F1H         PUBLIC        XGPIFSGLDATLX
  X:E658H         PUBLIC        IBNIE
  X:E686H         PUBLIC        MICROFRAME
  X:E65AH         PUBLIC        NAKIE
  X:E6B8H         PUBLIC        SETUPDAT
  X:E62AH         PUBLIC        ECC1B0
  X:E62DH         PUBLIC        ECC2B0
  X:E62BH         PUBLIC        ECC1B1
  X:E6F3H         PUBLIC        GPIFREADYCFG
  X:E62EH         PUBLIC        ECC2B1
  X:E62CH         PUBLIC        ECC1B2
  X:E62FH         PUBLIC        ECC2B2
  X:E6A2H         PUBLIC        EP1INCS
  X:E606H         PUBLIC        BPADDRH
  X:E65CH         PUBLIC        USBIE
  X:E60AH         PUBLIC        REVID
  X:E607H         PUBLIC        BPADDRL
  X:E650H         PUBLIC        EP2FIFOIE
  -------         ENDMOD        EZREGS

  -------         MODULE        MQTTPACKET
  C:0000H         SYMBOL        _ICE_DUMMY_
  C:12B1H         PUBLIC        MQTT_Connet
BL51 BANKED LINKER/LOCATER V6.22                                                      07/08/2017  17:20:26  PAGE 22


  C:0EFAH         PUBLIC        _MQTTPacket_encode
  -------         PROC          _MQTTPACKET_ENCODE
  D:0060H         SYMBOL        buf
  D:0063H         SYMBOL        length
  -------         DO            
  D:0065H         SYMBOL        rc
  -------         DO            
  D:0067H         SYMBOL        d
  -------         ENDDO         
  -------         ENDDO         
  C:0EFAH         LINE#         29
  C:0F04H         LINE#         30
  C:0F04H         LINE#         31
  C:0F09H         LINE#         34
  C:0F09H         LINE#         35
  C:0F16H         LINE#         36
  C:0F25H         LINE#         38
  C:0F32H         LINE#         39
  C:0F35H         LINE#         40
  C:0F4FH         LINE#         41
  C:0F5CH         LINE#         42
  C:0F60H         LINE#         43
  -------         ENDPROC       _MQTTPACKET_ENCODE
  -------         PROC          MQTT_CONNET
  C:12B1H         LINE#         83
  C:12B1H         LINE#         84
  C:12B1H         LINE#         88
  -------         ENDPROC       MQTT_CONNET
  -------         ENDMOD        MQTTPACKET

  -------         MODULE        ?C?COPY
  C:098BH         PUBLIC        ?C?COPY
  -------         ENDMOD        ?C?COPY

  -------         MODULE        ?C?CLDOPTR
  C:09B1H         PUBLIC        ?C?CLDOPTR
  -------         ENDMOD        ?C?CLDOPTR

  -------         MODULE        ?C?CSTOPTR
  C:09DEH         PUBLIC        ?C?CSTOPTR
  -------         ENDMOD        ?C?CSTOPTR

  -------         MODULE        ?C?SIDIV
  C:0A00H         PUBLIC        ?C?SIDIV
  -------         ENDMOD        ?C?SIDIV

  -------         MODULE        STRLEN
  C:1243H         PUBLIC        _STRLEN
  -------         ENDMOD        STRLEN

  -------         MODULE        ?C?CLDPTR
  C:0A36H         PUBLIC        ?C?CLDPTR
  -------         ENDMOD        ?C?CLDPTR

  -------         MODULE        ?C?UIDIV
  C:0A4FH         PUBLIC        ?C?UIDIV
  -------         ENDMOD        ?C?UIDIV
BL51 BANKED LINKER/LOCATER V6.22                                                      07/08/2017  17:20:26  PAGE 23



*** WARNING L16: UNCALLED SEGMENT, IGNORED FOR OVERLAY PROCESS
    SEGMENT: ?PR?LEDKEYTEST?LED_KEY

*** WARNING L16: UNCALLED SEGMENT, IGNORED FOR OVERLAY PROCESS
    SEGMENT: ?PR?I2CRESTART?IIC_COMM

*** WARNING L16: UNCALLED SEGMENT, IGNORED FOR OVERLAY PROCESS
    SEGMENT: ?PR?I2CACK?IIC_COMM

*** WARNING L16: UNCALLED SEGMENT, IGNORED FOR OVERLAY PROCESS
    SEGMENT: ?PR?I2CNAK?IIC_COMM

*** WARNING L16: UNCALLED SEGMENT, IGNORED FOR OVERLAY PROCESS
    SEGMENT: ?PR?I2CREAD?IIC_COMM

*** WARNING L16: UNCALLED SEGMENT, IGNORED FOR OVERLAY PROCESS
    SEGMENT: ?PR?_SERIAL0_SENDSTRING1?ESP8266

*** WARNING L16: UNCALLED SEGMENT, IGNORED FOR OVERLAY PROCESS
    SEGMENT: ?PR?ABC1SHOW?ESP8266

*** WARNING L16: UNCALLED SEGMENT, IGNORED FOR OVERLAY PROCESS
    SEGMENT: ?PR?_SERIAL0_SENDINT?ESP8266

*** WARNING L16: UNCALLED SEGMENT, IGNORED FOR OVERLAY PROCESS
    SEGMENT: ?PR?SSD1306_DRAW?SSD1306

*** WARNING L16: UNCALLED SEGMENT, IGNORED FOR OVERLAY PROCESS
    SEGMENT: ?PR?_MQTTPACKET_ENCODE?MQTTPACKET

*** WARNING L16: UNCALLED SEGMENT, IGNORED FOR OVERLAY PROCESS
    SEGMENT: ?PR?MQTT_CONNET?MQTTPACKET

Program Size: data=119.0 xdata=4473 code=4786
LINK/LOCATE RUN COMPLETE.  11 WARNING(S),  0 ERROR(S)
